Archive member included to satisfy reference by file (symbol)

C:/ST/STM32CubeCLT_1.17.0/GNU-tools-for-STM32/bin/../lib/gcc/arm-none-eabi/12.3.1/../../../../arm-none-eabi/lib/thumb/v7e-m+dp/hard\libc_nano.a(libc_a-exit.o)
                              C:/ST/STM32CubeCLT_1.17.0/GNU-tools-for-STM32/bin/../lib/gcc/arm-none-eabi/12.3.1/../../../../arm-none-eabi/lib/thumb/v7e-m+dp/hard/crt0.o (exit)
C:/ST/STM32CubeCLT_1.17.0/GNU-tools-for-STM32/bin/../lib/gcc/arm-none-eabi/12.3.1/../../../../arm-none-eabi/lib/thumb/v7e-m+dp/hard\libc_nano.a(libc_a-findfp.o)
                              C:/ST/STM32CubeCLT_1.17.0/GNU-tools-for-STM32/bin/../lib/gcc/arm-none-eabi/12.3.1/../../../../arm-none-eabi/lib/thumb/v7e-m+dp/hard\libc_nano.a(libc_a-exit.o) (__stdio_exit_handler)
C:/ST/STM32CubeCLT_1.17.0/GNU-tools-for-STM32/bin/../lib/gcc/arm-none-eabi/12.3.1/../../../../arm-none-eabi/lib/thumb/v7e-m+dp/hard\libc_nano.a(libc_a-fwalk.o)
                              C:/ST/STM32CubeCLT_1.17.0/GNU-tools-for-STM32/bin/../lib/gcc/arm-none-eabi/12.3.1/../../../../arm-none-eabi/lib/thumb/v7e-m+dp/hard\libc_nano.a(libc_a-findfp.o) (_fwalk_sglue)
C:/ST/STM32CubeCLT_1.17.0/GNU-tools-for-STM32/bin/../lib/gcc/arm-none-eabi/12.3.1/../../../../arm-none-eabi/lib/thumb/v7e-m+dp/hard\libc_nano.a(libc_a-stdio.o)
                              C:/ST/STM32CubeCLT_1.17.0/GNU-tools-for-STM32/bin/../lib/gcc/arm-none-eabi/12.3.1/../../../../arm-none-eabi/lib/thumb/v7e-m+dp/hard\libc_nano.a(libc_a-findfp.o) (__sread)
C:/ST/STM32CubeCLT_1.17.0/GNU-tools-for-STM32/bin/../lib/gcc/arm-none-eabi/12.3.1/../../../../arm-none-eabi/lib/thumb/v7e-m+dp/hard\libc_nano.a(libc_a-memset.o)
                              C:/ST/STM32CubeCLT_1.17.0/GNU-tools-for-STM32/bin/../lib/gcc/arm-none-eabi/12.3.1/../../../../arm-none-eabi/lib/thumb/v7e-m+dp/hard/crt0.o (memset)
C:/ST/STM32CubeCLT_1.17.0/GNU-tools-for-STM32/bin/../lib/gcc/arm-none-eabi/12.3.1/../../../../arm-none-eabi/lib/thumb/v7e-m+dp/hard\libc_nano.a(libc_a-closer.o)
                              C:/ST/STM32CubeCLT_1.17.0/GNU-tools-for-STM32/bin/../lib/gcc/arm-none-eabi/12.3.1/../../../../arm-none-eabi/lib/thumb/v7e-m+dp/hard\libc_nano.a(libc_a-stdio.o) (_close_r)
C:/ST/STM32CubeCLT_1.17.0/GNU-tools-for-STM32/bin/../lib/gcc/arm-none-eabi/12.3.1/../../../../arm-none-eabi/lib/thumb/v7e-m+dp/hard\libc_nano.a(libc_a-reent.o)
                              C:/ST/STM32CubeCLT_1.17.0/GNU-tools-for-STM32/bin/../lib/gcc/arm-none-eabi/12.3.1/../../../../arm-none-eabi/lib/thumb/v7e-m+dp/hard\libc_nano.a(libc_a-closer.o) (errno)
C:/ST/STM32CubeCLT_1.17.0/GNU-tools-for-STM32/bin/../lib/gcc/arm-none-eabi/12.3.1/../../../../arm-none-eabi/lib/thumb/v7e-m+dp/hard\libc_nano.a(libc_a-impure.o)
                              C:/ST/STM32CubeCLT_1.17.0/GNU-tools-for-STM32/bin/../lib/gcc/arm-none-eabi/12.3.1/../../../../arm-none-eabi/lib/thumb/v7e-m+dp/hard\libc_nano.a(libc_a-reent.o) (_impure_ptr)
C:/ST/STM32CubeCLT_1.17.0/GNU-tools-for-STM32/bin/../lib/gcc/arm-none-eabi/12.3.1/../../../../arm-none-eabi/lib/thumb/v7e-m+dp/hard\libc_nano.a(libc_a-lseekr.o)
                              C:/ST/STM32CubeCLT_1.17.0/GNU-tools-for-STM32/bin/../lib/gcc/arm-none-eabi/12.3.1/../../../../arm-none-eabi/lib/thumb/v7e-m+dp/hard\libc_nano.a(libc_a-stdio.o) (_lseek_r)
C:/ST/STM32CubeCLT_1.17.0/GNU-tools-for-STM32/bin/../lib/gcc/arm-none-eabi/12.3.1/../../../../arm-none-eabi/lib/thumb/v7e-m+dp/hard\libc_nano.a(libc_a-readr.o)
                              C:/ST/STM32CubeCLT_1.17.0/GNU-tools-for-STM32/bin/../lib/gcc/arm-none-eabi/12.3.1/../../../../arm-none-eabi/lib/thumb/v7e-m+dp/hard\libc_nano.a(libc_a-stdio.o) (_read_r)
C:/ST/STM32CubeCLT_1.17.0/GNU-tools-for-STM32/bin/../lib/gcc/arm-none-eabi/12.3.1/../../../../arm-none-eabi/lib/thumb/v7e-m+dp/hard\libc_nano.a(libc_a-writer.o)
                              C:/ST/STM32CubeCLT_1.17.0/GNU-tools-for-STM32/bin/../lib/gcc/arm-none-eabi/12.3.1/../../../../arm-none-eabi/lib/thumb/v7e-m+dp/hard\libc_nano.a(libc_a-stdio.o) (_write_r)
C:/ST/STM32CubeCLT_1.17.0/GNU-tools-for-STM32/bin/../lib/gcc/arm-none-eabi/12.3.1/../../../../arm-none-eabi/lib/thumb/v7e-m+dp/hard\libc_nano.a(libc_a-init.o)
                              C:/ST/STM32CubeCLT_1.17.0/GNU-tools-for-STM32/bin/../lib/gcc/arm-none-eabi/12.3.1/../../../../arm-none-eabi/lib/thumb/v7e-m+dp/hard/crt0.o (__libc_init_array)
C:/ST/STM32CubeCLT_1.17.0/GNU-tools-for-STM32/bin/../lib/gcc/arm-none-eabi/12.3.1/../../../../arm-none-eabi/lib/thumb/v7e-m+dp/hard\libc_nano.a(libc_a-lock.o)
                              C:/ST/STM32CubeCLT_1.17.0/GNU-tools-for-STM32/bin/../lib/gcc/arm-none-eabi/12.3.1/../../../../arm-none-eabi/lib/thumb/v7e-m+dp/hard\libc_nano.a(libc_a-findfp.o) (__retarget_lock_init_recursive)
C:/ST/STM32CubeCLT_1.17.0/GNU-tools-for-STM32/bin/../lib/gcc/arm-none-eabi/12.3.1/../../../../arm-none-eabi/lib/thumb/v7e-m+dp/hard\libc_nano.a(libc_a-freer.o)
[...]
Memory Configuration

Name             Origin             Length             Attributes
RAM              0x20000000         0x00060000         xrw
FLASH            0x08000000         0x00200000         xr
*default*        0x00000000         0xffffffff

Linker script and memory map

LOAD C:/ST/STM32CubeCLT_1.17.0/GNU-tools-for-STM32/bin/../lib/gcc/arm-none-eabi/12.3.1/thumb/v7e-m+dp/hard/crti.o
LOAD C:/ST/STM32CubeCLT_1.17.0/GNU-tools-for-STM32/bin/../lib/gcc/arm-none-eabi/12.3.1/thumb/v7e-m+dp/hard/crtbegin.o
LOAD C:/ST/STM32CubeCLT_1.17.0/GNU-tools-for-STM32/bin/../lib/gcc/arm-none-eabi/12.3.1/../../../../arm-none-eabi/lib/thumb/v7e-m+dp/hard/crt0.o
START GROUP
LOAD C:/ST/STM32CubeCLT_1.17.0/GNU-tools-for-STM32/bin/../lib/gcc/arm-none-eabi/12.3.1/../../../../arm-none-eabi/lib/thumb/v7e-m+dp/hard\libc_nano.a
LOAD C:/ST/STM32CubeCLT_1.17.0/GNU-tools-for-STM32/bin/../lib/gcc/arm-none-eabi/12.3.1/../../../../arm-none-eabi/lib/thumb/v7e-m+dp/hard\libm.a
END GROUP
LOAD CMakeFiles/pfc3van.dir/Core/Src/main.c.obj
LOAD CMakeFiles/pfc3van.dir/Core/Src/stm32f7xx_it.c.obj
LOAD CMakeFiles/pfc3van.dir/Core/Src/sysmem.c.obj
LOAD CMakeFiles/pfc3van.dir/Core/Src/syscalls.c.obj
LOAD CMakeFiles/pfc3van.dir/startup_stm32f767xx.s.obj
LOAD cmake/stm32cubemx/CMakeFiles/STM32_Drivers.dir/__/__/Core/Src/system_stm32f7xx.c.obj
LOAD cmake/stm32cubemx/CMakeFiles/STM32_Drivers.dir/__/__/Drivers/STM32F7xx_HAL_Driver/Src/stm32f7xx_ll_gpio.c.obj
LOAD cmake/stm32cubemx/CMakeFiles/STM32_Drivers.dir/__/__/Drivers/STM32F7xx_HAL_Driver/Src/stm32f7xx_ll_adc.c.obj
LOAD cmake/stm32cubemx/CMakeFiles/STM32_Drivers.dir/__/__/Drivers/STM32F7xx_HAL_Driver/Src/stm32f7xx_ll_dma.c.obj
LOAD cmake/stm32cubemx/CMakeFiles/STM32_Drivers.dir/__/__/Drivers/STM32F7xx_HAL_Driver/Src/stm32f7xx_ll_rcc.c.obj
LOAD cmake/stm32cubemx/CMakeFiles/STM32_Drivers.dir/__/__/Drivers/STM32F7xx_HAL_Driver/Src/stm32f7xx_ll_utils.c.obj
LOAD cmake/stm32cubemx/CMakeFiles/STM32_Drivers.dir/__/__/Drivers/STM32F7xx_HAL_Driver/Src/stm32f7xx_ll_exti.c.obj
LOAD cmake/stm32cubemx/CMakeFiles/STM32_Drivers.dir/__/__/Drivers/STM32F7xx_HAL_Driver/Src/stm32f7xx_ll_tim.c.obj
LOAD cmake/stm32cubemx/CMakeFiles/STM32_Drivers.dir/__/__/Drivers/STM32F7xx_HAL_Driver/Src/stm32f7xx_ll_usart.c.obj
LOAD ctrl_ez\ARMCortex-M\_ref\ctrl_ez\libctrl_ez_rtwlib.a
LOAD ARMCortex-M\_shared\librtwshared.a
START GROUP
LOAD C:/ST/STM32CubeCLT_1.17.0/GNU-tools-for-STM32/bin/../lib/gcc/arm-none-eabi/12.3.1/thumb/v7e-m+dp/hard\libgcc.a
LOAD C:/ST/STM32CubeCLT_1.17.0/GNU-tools-for-STM32/bin/../lib/gcc/arm-none-eabi/12.3.1/../../../../arm-none-eabi/lib/thumb/v7e-m+dp/hard\libg_nano.a
LOAD C:/ST/STM32CubeCLT_1.17.0/GNU-tools-for-STM32/bin/../lib/gcc/arm-none-eabi/12.3.1/../../../../arm-none-eabi/lib/thumb/v7e-m+dp/hard\libc_nano.a
END GROUP
START GROUP
LOAD C:/ST/STM32CubeCLT_1.17.0/GNU-tools-for-STM32/bin/../lib/gcc/arm-none-eabi/12.3.1/thumb/v7e-m+dp/hard\libgcc.a
LOAD C:/ST/STM32CubeCLT_1.17.0/GNU-tools-for-STM32/bin/../lib/gcc/arm-none-eabi/12.3.1/../../../../arm-none-eabi/lib/thumb/v7e-m+dp/hard\libc_nano.a
END GROUP
LOAD C:/ST/STM32CubeCLT_1.17.0/GNU-tools-for-STM32/bin/../lib/gcc/arm-none-eabi/12.3.1/thumb/v7e-m+dp/hard/crtend.o
LOAD C:/ST/STM32CubeCLT_1.17.0/GNU-tools-for-STM32/bin/../lib/gcc/arm-none-eabi/12.3.1/thumb/v7e-m+dp/hard/crtn.o
                0x20060000                        _estack = (ORIGIN (RAM) + LENGTH (RAM))
                0x00000200                        _Min_Heap_Size = 0x200
                0x00000400                        _Min_Stack_Size = 0x400

.isr_vector     0x08000000      0x1f8
                0x08000000                        . = ALIGN (0x4)
 *(.isr_vector)
 .isr_vector    0x08000000      0x1f8 CMakeFiles/pfc3van.dir/startup_stm32f767xx.s.obj
                0x08000000                g_pfnVectors
                0x080001f8                        . = ALIGN (0x4)

.text           0x080001f8     0x3730
                0x080001f8                        . = ALIGN (0x4)
 *(.text)
 .text          0x080001f8       0x40 C:/ST/STM32CubeCLT_1.17.0/GNU-tools-for-STM32/bin/../lib/gcc/arm-none-eabi/12.3.1/thumb/v7e-m+dp/hard/crtbegin.o
 *(.text*)
 .text.memset   0x08000238       0x10 C:/ST/STM32CubeCLT_1.17.0/GNU-tools-for-STM32/bin/../lib/gcc/arm-none-eabi/12.3.1/../../../../arm-none-eabi/lib/thumb/v7e-m+dp/hard\libc_nano.a(libc_a-memset.o)
                0x08000238                memset
 .text.__libc_init_array
                0x08000248       0x48 C:/ST/STM32CubeCLT_1.17.0/GNU-tools-for-STM32/bin/../lib/gcc/arm-none-eabi/12.3.1/../../../../arm-none-eabi/lib/thumb/v7e-m+dp/hard\libc_nano.a(libc_a-init.o)
                0x08000248                __libc_init_array
 .text.LL_ADC_SetChannelSamplingTime
                0x08000290       0x50 CMakeFiles/pfc3van.dir/Core/Src/main.c.obj
 .text.LL_TIM_IC_SetFilter.constprop.0
                0x080002e0       0x60 CMakeFiles/pfc3van.dir/Core/Src/main.c.obj
 .text.NVIC_EncodePriority.constprop.0
                0x08000340       0x24 CMakeFiles/pfc3van.dir/Core/Src/main.c.obj
 .text.SystemClock_Config
                0x08000364       0xd4 CMakeFiles/pfc3van.dir/Core/Src/main.c.obj
                0x08000364                SystemClock_Config
 .text.startup.main
                0x08000438     0x13d0 CMakeFiles/pfc3van.dir/Core/Src/main.c.obj
                0x08000438                main
 .text.NMI_Handler
                0x08001808        0x4 CMakeFiles/pfc3van.dir/Core/Src/stm32f7xx_it.c.obj
                0x08001808                NMI_Handler
 .text.HardFault_Handler
                0x0800180c        0x4 CMakeFiles/pfc3van.dir/Core/Src/stm32f7xx_it.c.obj
                0x0800180c                HardFault_Handler
 .text.MemManage_Handler
                0x08001810        0x4 CMakeFiles/pfc3van.dir/Core/Src/stm32f7xx_it.c.obj
                0x08001810                MemManage_Handler
 .text.BusFault_Handler
                0x08001814        0x4 CMakeFiles/pfc3van.dir/Core/Src/stm32f7xx_it.c.obj
                0x08001814                BusFault_Handler
 .text.UsageFault_Handler
                0x08001818        0x4 CMakeFiles/pfc3van.dir/Core/Src/stm32f7xx_it.c.obj
                0x08001818                UsageFault_Handler
 .text.SVC_Handler
                0x0800181c        0x4 CMakeFiles/pfc3van.dir/Core/Src/stm32f7xx_it.c.obj
                0x0800181c                SVC_Handler
 .text.DebugMon_Handler
                0x08001820        0x4 CMakeFiles/pfc3van.dir/Core/Src/stm32f7xx_it.c.obj
                0x08001820                DebugMon_Handler
 .text.PendSV_Handler
                0x08001824        0x4 CMakeFiles/pfc3van.dir/Core/Src/stm32f7xx_it.c.obj
                0x08001824                PendSV_Handler
 .text.SysTick_Handler
                0x08001828        0x4 CMakeFiles/pfc3van.dir/Core/Src/stm32f7xx_it.c.obj
                0x08001828                SysTick_Handler
 .text.TIM1_TRG_COM_TIM11_IRQHandler
                0x0800182c        0x4 CMakeFiles/pfc3van.dir/Core/Src/stm32f7xx_it.c.obj
                0x0800182c                TIM1_TRG_COM_TIM11_IRQHandler
 .text.TIM1_CC_IRQHandler
                0x08001830       0x3c CMakeFiles/pfc3van.dir/Core/Src/stm32f7xx_it.c.obj
                0x08001830                TIM1_CC_IRQHandler
 .text.TIM2_IRQHandler
                0x0800186c      0x330 CMakeFiles/pfc3van.dir/Core/Src/stm32f7xx_it.c.obj
                0x0800186c                TIM2_IRQHandler
 .text.EXTI15_10_IRQHandler
                0x08001b9c       0xe8 CMakeFiles/pfc3van.dir/Core/Src/stm32f7xx_it.c.obj
                0x08001b9c                EXTI15_10_IRQHandler
 .text.TIM5_IRQHandler
                0x08001c84        0x4 CMakeFiles/pfc3van.dir/Core/Src/stm32f7xx_it.c.obj
                0x08001c84                TIM5_IRQHandler
 .text.DMA2_Stream0_IRQHandler
                0x08001c88       0x2c CMakeFiles/pfc3van.dir/Core/Src/stm32f7xx_it.c.obj
                0x08001c88                DMA2_Stream0_IRQHandler
 .text.DMA2_Stream1_IRQHandler
                0x08001cb4       0x30 CMakeFiles/pfc3van.dir/Core/Src/stm32f7xx_it.c.obj
                0x08001cb4                DMA2_Stream1_IRQHandler
 .text.DMA2_Stream2_IRQHandler
                0x08001ce4       0x30 CMakeFiles/pfc3van.dir/Core/Src/stm32f7xx_it.c.obj
                0x08001ce4                DMA2_Stream2_IRQHandler
 .text.DMA2_Stream3_IRQHandler
                0x08001d14       0x30 CMakeFiles/pfc3van.dir/Core/Src/stm32f7xx_it.c.obj
                0x08001d14                DMA2_Stream3_IRQHandler
 .text.DMA2_Stream4_IRQHandler
                0x08001d44       0x2c CMakeFiles/pfc3van.dir/Core/Src/stm32f7xx_it.c.obj
                0x08001d44                DMA2_Stream4_IRQHandler
 .text.DMA2_Stream7_IRQHandler
                0x08001d70       0x30 CMakeFiles/pfc3van.dir/Core/Src/stm32f7xx_it.c.obj
                0x08001d70                DMA2_Stream7_IRQHandler
 .text.Reset_Handler
                0x08001da0       0x50 CMakeFiles/pfc3van.dir/startup_stm32f767xx.s.obj
                0x08001da0                Reset_Handler
 .text.Default_Handler
                0x08001df0        0x2 CMakeFiles/pfc3van.dir/startup_stm32f767xx.s.obj
                0x08001df0                RTC_Alarm_IRQHandler
                0x08001df0                EXTI2_IRQHandler
                0x08001df0                TIM8_CC_IRQHandler
                0x08001df0                UART8_IRQHandler
                0x08001df0                SPI4_IRQHandler
                0x08001df0                DMA2_Stream5_IRQHandler
                0x08001df0                JPEG_IRQHandler
                0x08001df0                DMA1_Stream5_IRQHandler
                0x08001df0                CAN3_RX1_IRQHandler
                0x08001df0                PVD_IRQHandler
                0x08001df0                TAMP_STAMP_IRQHandler
                0x08001df0                CAN2_RX1_IRQHandler
                0x08001df0                EXTI3_IRQHandler
                0x08001df0                TIM8_TRG_COM_TIM14_IRQHandler
                0x08001df0                DFSDM1_FLT1_IRQHandler
                0x08001df0                TIM1_UP_TIM10_IRQHandler
                0x08001df0                TIM8_UP_TIM13_IRQHandler
                0x08001df0                I2C3_ER_IRQHandler
                0x08001df0                DFSDM1_FLT2_IRQHandler
                0x08001df0                EXTI0_IRQHandler
                0x08001df0                I2C2_EV_IRQHandler
                0x08001df0                DMA1_Stream2_IRQHandler
                0x08001df0                CAN1_RX0_IRQHandler
                0x08001df0                FPU_IRQHandler
                0x08001df0                OTG_HS_WKUP_IRQHandler
                0x08001df0                CAN3_SCE_IRQHandler
                0x08001df0                LTDC_ER_IRQHandler
                0x08001df0                CAN2_SCE_IRQHandler
                0x08001df0                SPI1_IRQHandler
                0x08001df0                TIM6_DAC_IRQHandler
                0x08001df0                TIM1_BRK_TIM9_IRQHandler
                0x08001df0                DCMI_IRQHandler
                0x08001df0                CAN2_RX0_IRQHandler
                0x08001df0                SAI2_IRQHandler
                0x08001df0                DFSDM1_FLT3_IRQHandler
                0x08001df0                USART6_IRQHandler
                0x08001df0                CAN3_RX0_IRQHandler
                0x08001df0                USART3_IRQHandler
                0x08001df0                CAN1_RX1_IRQHandler
                0x08001df0                UART5_IRQHandler
                0x08001df0                TIM4_IRQHandler
                0x08001df0                QUADSPI_IRQHandler
                0x08001df0                I2C1_EV_IRQHandler
                0x08001df0                DMA1_Stream6_IRQHandler
                0x08001df0                DMA1_Stream1_IRQHandler
                0x08001df0                UART4_IRQHandler
                0x08001df0                TIM3_IRQHandler
                0x08001df0                RCC_IRQHandler
                0x08001df0                TIM8_BRK_TIM12_IRQHandler
                0x08001df0                Default_Handler
                0x08001df0                CEC_IRQHandler
                0x08001df0                ADC_IRQHandler
                0x08001df0                DMA1_Stream7_IRQHandler
                0x08001df0                SPI5_IRQHandler
                0x08001df0                TIM7_IRQHandler
                0x08001df0                SDMMC1_IRQHandler
                0x08001df0                CAN2_TX_IRQHandler
                0x08001df0                I2C3_EV_IRQHandler
                0x08001df0                EXTI9_5_IRQHandler
                0x08001df0                RTC_WKUP_IRQHandler
                0x08001df0                LTDC_IRQHandler
                0x08001df0                ETH_WKUP_IRQHandler
                0x08001df0                SPDIF_RX_IRQHandler
                0x08001df0                SPI2_IRQHandler
                0x08001df0                OTG_HS_EP1_IN_IRQHandler
                0x08001df0                DMA1_Stream0_IRQHandler
                0x08001df0                CAN1_TX_IRQHandler
                0x08001df0                EXTI4_IRQHandler
                0x08001df0                RNG_IRQHandler
                0x08001df0                ETH_IRQHandler
                0x08001df0                OTG_HS_EP1_OUT_IRQHandler
                0x08001df0                WWDG_IRQHandler
                0x08001df0                SPI6_IRQHandler
                0x08001df0                MDIOS_IRQHandler
                0x08001df0                I2C4_EV_IRQHandler
                0x08001df0                CAN3_TX_IRQHandler
                0x08001df0                OTG_FS_WKUP_IRQHandler
                0x08001df0                OTG_HS_IRQHandler
                0x08001df0                DMA2D_IRQHandler
                0x08001df0                EXTI1_IRQHandler
                0x08001df0                SDMMC2_IRQHandler
                0x08001df0                UART7_IRQHandler
                0x08001df0                USART2_IRQHandler
                0x08001df0                DFSDM1_FLT0_IRQHandler
                0x08001df0                I2C2_ER_IRQHandler
                0x08001df0                CAN1_SCE_IRQHandler
                0x08001df0                FLASH_IRQHandler
                0x08001df0                USART1_IRQHandler
                0x08001df0                OTG_FS_IRQHandler
                0x08001df0                SPI3_IRQHandler
                0x08001df0                DMA1_Stream4_IRQHandler
                0x08001df0                I2C1_ER_IRQHandler
                0x08001df0                FMC_IRQHandler
                0x08001df0                LPTIM1_IRQHandler
                0x08001df0                I2C4_ER_IRQHandler
                0x08001df0                DMA2_Stream6_IRQHandler
                0x08001df0                SAI1_IRQHandler
                0x08001df0                DMA1_Stream3_IRQHandler
 *fill*         0x08001df2        0x2 
 .text.SystemInit
                0x08001df4       0x14 cmake/stm32cubemx/CMakeFiles/STM32_Drivers.dir/__/__/Core/Src/system_stm32f7xx.c.obj
                0x08001df4                SystemInit
 .text.LL_GPIO_Init
                0x08001e08      0x15c cmake/stm32cubemx/CMakeFiles/STM32_Drivers.dir/__/__/Drivers/STM32F7xx_HAL_Driver/Src/stm32f7xx_ll_gpio.c.obj
                0x08001e08                LL_GPIO_Init
 .text.LL_ADC_CommonInit
                0x08001f64       0x5c cmake/stm32cubemx/CMakeFiles/STM32_Drivers.dir/__/__/Drivers/STM32F7xx_HAL_Driver/Src/stm32f7xx_ll_adc.c.obj
                0x08001f64                LL_ADC_CommonInit
 .text.LL_ADC_Init
                0x08001fc0       0x34 cmake/stm32cubemx/CMakeFiles/STM32_Drivers.dir/__/__/Drivers/STM32F7xx_HAL_Driver/Src/stm32f7xx_ll_adc.c.obj
                0x08001fc0                LL_ADC_Init
 .text.LL_ADC_REG_Init
                0x08001ff4       0x58 cmake/stm32cubemx/CMakeFiles/STM32_Drivers.dir/__/__/Drivers/STM32F7xx_HAL_Driver/Src/stm32f7xx_ll_adc.c.obj
                0x08001ff4                LL_ADC_REG_Init
 .text.RCC_PLL_GetFreqDomain_SYS
                0x0800204c       0x48 cmake/stm32cubemx/CMakeFiles/STM32_Drivers.dir/__/__/Drivers/STM32F7xx_HAL_Driver/Src/stm32f7xx_ll_rcc.c.obj
                0x0800204c                RCC_PLL_GetFreqDomain_SYS
 .text.LL_RCC_GetUARTClockFreq
                0x08002094      0x140 cmake/stm32cubemx/CMakeFiles/STM32_Drivers.dir/__/__/Drivers/STM32F7xx_HAL_Driver/Src/stm32f7xx_ll_rcc.c.obj
                0x08002094                LL_RCC_GetUARTClockFreq
 .text.LL_RCC_GetUSARTClockFreq
                0x080021d4      0x164 cmake/stm32cubemx/CMakeFiles/STM32_Drivers.dir/__/__/Drivers/STM32F7xx_HAL_Driver/Src/stm32f7xx_ll_rcc.c.obj
                0x080021d4                LL_RCC_GetUSARTClockFreq
 .text.LL_Init1msTick
                0x08002338       0x24 cmake/stm32cubemx/CMakeFiles/STM32_Drivers.dir/__/__/Drivers/STM32F7xx_HAL_Driver/Src/stm32f7xx_ll_utils.c.obj
                0x08002338                LL_Init1msTick
 .text.LL_SetSystemCoreClock
                0x0800235c        0xc cmake/stm32cubemx/CMakeFiles/STM32_Drivers.dir/__/__/Drivers/STM32F7xx_HAL_Driver/Src/stm32f7xx_ll_utils.c.obj
                0x0800235c                LL_SetSystemCoreClock
 .text.LL_EXTI_Init
                0x08002368       0xb8 cmake/stm32cubemx/CMakeFiles/STM32_Drivers.dir/__/__/Drivers/STM32F7xx_HAL_Driver/Src/stm32f7xx_ll_exti.c.obj
                0x08002368                LL_EXTI_Init
 .text.LL_TIM_Init
                0x08002420       0xc0 cmake/stm32cubemx/CMakeFiles/STM32_Drivers.dir/__/__/Drivers/STM32F7xx_HAL_Driver/Src/stm32f7xx_ll_tim.c.obj
                0x08002420                LL_TIM_Init
 .text.LL_TIM_OC_Init
                0x080024e0      0x28c cmake/stm32cubemx/CMakeFiles/STM32_Drivers.dir/__/__/Drivers/STM32F7xx_HAL_Driver/Src/stm32f7xx_ll_tim.c.obj
                0x080024e0                LL_TIM_OC_Init
 .text.LL_TIM_BDTR_Init
                0x0800276c       0x78 cmake/stm32cubemx/CMakeFiles/STM32_Drivers.dir/__/__/Drivers/STM32F7xx_HAL_Driver/Src/stm32f7xx_ll_tim.c.obj
                0x0800276c                LL_TIM_BDTR_Init
 .text.LL_USART_Init
                0x080027e4      0x11c cmake/stm32cubemx/CMakeFiles/STM32_Drivers.dir/__/__/Drivers/STM32F7xx_HAL_Driver/Src/stm32f7xx_ll_usart.c.obj
                0x080027e4                LL_USART_Init
 .text.ctrl_ez_alpha_sogi
                0x08002900       0xc0 ctrl_ez\ARMCortex-M\_ref\ctrl_ez\libctrl_ez_rtwlib.a(ctrl_ez.c.obj)
                0x08002900                ctrl_ez_alpha_sogi
 .text.ctrl_ez_Init
                0x080029c0       0x2c ctrl_ez\ARMCortex-M\_ref\ctrl_ez\libctrl_ez_rtwlib.a(ctrl_ez.c.obj)
                0x080029c0                ctrl_ez_Init
 .text.ctrl_ez_trigger_ctrl_ez
                0x080029ec      0xe50 ctrl_ez\ARMCortex-M\_ref\ctrl_ez\libctrl_ez_rtwlib.a(ctrl_ez.c.obj)
                0x080029ec                ctrl_ez_trigger_ctrl_ez
 .text.intrp1d_fu32fl
                0x0800383c       0x1c ARMCortex-M\_shared\librtwshared.a(intrp1d_fu32fl.c.obj)
                0x0800383c                intrp1d_fu32fl
 .text.plook_u32ff_evenc
                0x08003858       0x64 ARMCortex-M\_shared\librtwshared.a(plook_u32ff_evenc.c.obj)
                0x08003858                plook_u32ff_evenc
 .text.__errno  0x080038bc        0xc C:/ST/STM32CubeCLT_1.17.0/GNU-tools-for-STM32/bin/../lib/gcc/arm-none-eabi/12.3.1/../../../../arm-none-eabi/lib/thumb/v7e-m+dp/hard\libg_nano.a(libc_a-errno.o)
                0x080038bc                __errno
 .text.sqrt     0x080038c8       0x40 C:/ST/STM32CubeCLT_1.17.0/GNU-tools-for-STM32/bin/../lib/gcc/arm-none-eabi/12.3.1/../../../../arm-none-eabi/lib/thumb/v7e-m+dp/hard\libm.a(libm_a-w_sqrt.o)
                0x080038c8                sqrt
 .text.__ieee754_sqrt
                0x08003908        0x6 C:/ST/STM32CubeCLT_1.17.0/GNU-tools-for-STM32/bin/../lib/gcc/arm-none-eabi/12.3.1/../../../../arm-none-eabi/lib/thumb/v7e-m+dp/hard\libm.a(libm_a-e_sqrt.o)
                0x08003908                __ieee754_sqrt
 *(.glue_7)
 .glue_7        0x0800390e        0x0 linker stubs
 *(.glue_7t)
 .glue_7t       0x0800390e        0x0 linker stubs
 *(.eh_frame)
 *fill*         0x0800390e        0x2 
 .eh_frame      0x08003910        0x0 C:/ST/STM32CubeCLT_1.17.0/GNU-tools-for-STM32/bin/../lib/gcc/arm-none-eabi/12.3.1/thumb/v7e-m+dp/hard/crtbegin.o
 *(.init)
 .init          0x08003910        0x4 C:/ST/STM32CubeCLT_1.17.0/GNU-tools-for-STM32/bin/../lib/gcc/arm-none-eabi/12.3.1/thumb/v7e-m+dp/hard/crti.o
                0x08003910                _init
 .init          0x08003914        0x8 C:/ST/STM32CubeCLT_1.17.0/GNU-tools-for-STM32/bin/../lib/gcc/arm-none-eabi/12.3.1/thumb/v7e-m+dp/hard/crtn.o
 *(.fini)
 .fini          0x0800391c        0x4 C:/ST/STM32CubeCLT_1.17.0/GNU-tools-for-STM32/bin/../lib/gcc/arm-none-eabi/12.3.1/thumb/v7e-m+dp/hard/crti.o
                0x0800391c                _fini
 .fini          0x08003920        0x8 C:/ST/STM32CubeCLT_1.17.0/GNU-tools-for-STM32/bin/../lib/gcc/arm-none-eabi/12.3.1/thumb/v7e-m+dp/hard/crtn.o
                0x08003928                        . = ALIGN (0x4)
                0x08003928                        _etext = .

.vfp11_veneer   0x08003928        0x0
 .vfp11_veneer  0x08003928        0x0 linker stubs

.v4_bx          0x08003928        0x0
 .v4_bx         0x08003928        0x0 linker stubs

.iplt           0x08003928        0x0
 .iplt          0x08003928        0x0 C:/ST/STM32CubeCLT_1.17.0/GNU-tools-for-STM32/bin/../lib/gcc/arm-none-eabi/12.3.1/thumb/v7e-m+dp/hard/crtbegin.o

.rodata         0x08003928     0x1060
                0x08003928                        . = ALIGN (0x4)
 *(.rodata)
 *(.rodata*)
 .rodata.SHIFT_TAB_ICxx
                0x08003928        0x9 CMakeFiles/pfc3van.dir/Core/Src/main.c.obj
 *fill*         0x08003931        0x3 
 .rodata.OFFSET_TAB_CCMRx
                0x08003934        0x9 CMakeFiles/pfc3van.dir/Core/Src/main.c.obj
 *fill*         0x0800393d        0x3 
 .rodata.APBPrescTable
                0x08003940        0x8 cmake/stm32cubemx/CMakeFiles/STM32_Drivers.dir/__/__/Core/Src/system_stm32f7xx.c.obj
                0x08003940                APBPrescTable
 .rodata.AHBPrescTable
                0x08003948       0x10 cmake/stm32cubemx/CMakeFiles/STM32_Drivers.dir/__/__/Core/Src/system_stm32f7xx.c.obj
                0x08003948                AHBPrescTable
 .rodata.tableData_c.0
                0x08003958       0x40 ctrl_ez\ARMCortex-M\_ref\ctrl_ez\libctrl_ez_rtwlib.a(ctrl_ez.c.obj)
 .rodata.rtCP_pooled_c9mIltOBYHuW
                0x08003998       0x48 ARMCortex-M\_shared\librtwshared.a(const_params.c.obj)
                0x08003998                rtCP_pooled_c9mIltOBYHuW
 .rodata.rtCP_pooled_7x7Hr3MX2jW3
                0x080039e0      0xfa8 ARMCortex-M\_shared\librtwshared.a(const_params.c.obj)
                0x080039e0                rtCP_pooled_7x7Hr3MX2jW3
                0x08004988                        . = ALIGN (0x4)

.ARM.extab
 *(.ARM.extab* .gnu.linkonce.armextab.*)

.ARM            0x08004988        0x0
                0x08004988                        __exidx_start = .
 *(.ARM.exidx*)
                0x08004988                        __exidx_end = .

.preinit_array  0x08004988        0x0
                0x08004988                        PROVIDE (__preinit_array_start = .)
 *(.preinit_array*)
                0x08004988                        PROVIDE (__preinit_array_end = .)

.init_array     0x08004988        0x4
                0x08004988                        PROVIDE (__init_array_start = .)
 *(SORT_BY_NAME(.init_array.*))
 *(.init_array*)
 .init_array    0x08004988        0x4 C:/ST/STM32CubeCLT_1.17.0/GNU-tools-for-STM32/bin/../lib/gcc/arm-none-eabi/12.3.1/thumb/v7e-m+dp/hard/crtbegin.o
                0x0800498c                        PROVIDE (__init_array_end = .)

.fini_array     0x0800498c        0x4
                [!provide]                        PROVIDE (__fini_array_start = .)
 *(SORT_BY_NAME(.fini_array.*))
 *(.fini_array*)
 .fini_array    0x0800498c        0x4 C:/ST/STM32CubeCLT_1.17.0/GNU-tools-for-STM32/bin/../lib/gcc/arm-none-eabi/12.3.1/thumb/v7e-m+dp/hard/crtbegin.o
                [!provide]                        PROVIDE (__fini_array_end = .)
                0x08004990                        _sidata = LOADADDR (.data)

.rel.dyn        0x08004990        0x0
 .rel.iplt      0x08004990        0x0 C:/ST/STM32CubeCLT_1.17.0/GNU-tools-for-STM32/bin/../lib/gcc/arm-none-eabi/12.3.1/thumb/v7e-m+dp/hard/crtbegin.o

.data           0x20000000       0x58 load address 0x08004990
                0x20000000                        . = ALIGN (0x4)
                0x20000000                        _sdata = .
 *(.data)
 *(.data*)
 .data._impure_ptr
                0x20000000        0x4 C:/ST/STM32CubeCLT_1.17.0/GNU-tools-for-STM32/bin/../lib/gcc/arm-none-eabi/12.3.1/../../../../arm-none-eabi/lib/thumb/v7e-m+dp/hard\libc_nano.a(libc_a-impure.o)
                0x20000000                _impure_ptr
 .data._impure_data
                0x20000004       0x4c C:/ST/STM32CubeCLT_1.17.0/GNU-tools-for-STM32/bin/../lib/gcc/arm-none-eabi/12.3.1/../../../../arm-none-eabi/lib/thumb/v7e-m+dp/hard\libc_nano.a(libc_a-impure.o)
                0x20000004                _impure_data
 .data.first_timer
                0x20000050        0x1 CMakeFiles/pfc3van.dir/Core/Src/stm32f7xx_it.c.obj
                0x20000050                first_timer
 .data.rty_lock
                0x20000051        0x1 CMakeFiles/pfc3van.dir/Core/Src/stm32f7xx_it.c.obj
                0x20000051                rty_lock
 *fill*         0x20000052        0x2 
 .data.SystemCoreClock
                0x20000054        0x4 cmake/stm32cubemx/CMakeFiles/STM32_Drivers.dir/__/__/Core/Src/system_stm32f7xx.c.obj
                0x20000054                SystemCoreClock
                0x20000058                        . = ALIGN (0x4)
                0x20000058                        _edata = .

.igot.plt       0x20000058        0x0 load address 0x080049e8
 .igot.plt      0x20000058        0x0 C:/ST/STM32CubeCLT_1.17.0/GNU-tools-for-STM32/bin/../lib/gcc/arm-none-eabi/12.3.1/thumb/v7e-m+dp/hard/crtbegin.o
                0x20000058                        . = ALIGN (0x4)

.bss            0x20000058     0x1534 load address 0x080049e8
                0x20000058                        _sbss = .
                0x20000058                        __bss_start__ = _sbss
 *(.bss)
 .bss           0x20000058       0x1c C:/ST/STM32CubeCLT_1.17.0/GNU-tools-for-STM32/bin/../lib/gcc/arm-none-eabi/12.3.1/thumb/v7e-m+dp/hard/crtbegin.o
 *(.bss*)
 .bss.__sf      0x20000074      0x138 C:/ST/STM32CubeCLT_1.17.0/GNU-tools-for-STM32/bin/../lib/gcc/arm-none-eabi/12.3.1/../../../../arm-none-eabi/lib/thumb/v7e-m+dp/hard\libc_nano.a(libc_a-findfp.o)
                0x20000074                __sf
 .bss.vacs      0x200001ac       0x10 CMakeFiles/pfc3van.dir/Core/Src/main.c.obj
                0x200001ac                vacs
 .bss.dc_data   0x200001bc        0x8 CMakeFiles/pfc3van.dir/Core/Src/main.c.obj
                0x200001bc                dc_data
 .bss.iac_data  0x200001c4        0xc CMakeFiles/pfc3van.dir/Core/Src/main.c.obj
                0x200001c4                iac_data
 .bss.vac3.7    0x200001d0      0x644 CMakeFiles/pfc3van.dir/Core/Src/stm32f7xx_it.c.obj
 .bss.vac2.8    0x20000814      0x644 CMakeFiles/pfc3van.dir/Core/Src/stm32f7xx_it.c.obj
 .bss.vac1.9    0x20000e58      0x644 CMakeFiles/pfc3van.dir/Core/Src/stm32f7xx_it.c.obj
 .bss.dc_vacs.10
                0x2000149c        0xc CMakeFiles/pfc3van.dir/Core/Src/stm32f7xx_it.c.obj
 .bss.vac_rising.11
                0x200014a8        0x4 CMakeFiles/pfc3van.dir/Core/Src/stm32f7xx_it.c.obj
 .bss.cnt2.12   0x200014ac        0x4 CMakeFiles/pfc3van.dir/Core/Src/stm32f7xx_it.c.obj
 .bss.cnt       0x200014b0        0x4 CMakeFiles/pfc3van.dir/Core/Src/stm32f7xx_it.c.obj
 .bss.button_state
                0x200014b4        0x1 CMakeFiles/pfc3van.dir/Core/Src/stm32f7xx_it.c.obj
                0x200014b4                button_state
 *fill*         0x200014b5        0x3 
 .bss.rty_Qa    0x200014b8        0x4 CMakeFiles/pfc3van.dir/Core/Src/stm32f7xx_it.c.obj
                0x200014b8                rty_Qa
 .bss.rty_Qc    0x200014bc        0x4 CMakeFiles/pfc3van.dir/Core/Src/stm32f7xx_it.c.obj
                0x200014bc                rty_Qc
 .bss.rty_Qb    0x200014c0        0x4 CMakeFiles/pfc3van.dir/Core/Src/stm32f7xx_it.c.obj
                0x200014c0                rty_Qb
 .bss.rtu_vb    0x200014c4        0x4 CMakeFiles/pfc3van.dir/Core/Src/stm32f7xx_it.c.obj
                0x200014c4                rtu_vb
 .bss.rtu_vc    0x200014c8        0x4 CMakeFiles/pfc3van.dir/Core/Src/stm32f7xx_it.c.obj
                0x200014c8                rtu_vc
 .bss.rtu_va    0x200014cc        0x4 CMakeFiles/pfc3van.dir/Core/Src/stm32f7xx_it.c.obj
                0x200014cc                rtu_va
 .bss.rtu_ov_out
                0x200014d0        0x4 CMakeFiles/pfc3van.dir/Core/Src/stm32f7xx_it.c.obj
                0x200014d0                rtu_ov_out
 .bss.rtu_ic    0x200014d4        0x4 CMakeFiles/pfc3van.dir/Core/Src/stm32f7xx_it.c.obj
                0x200014d4                rtu_ic
 .bss.rtu_ib    0x200014d8        0x4 CMakeFiles/pfc3van.dir/Core/Src/stm32f7xx_it.c.obj
                0x200014d8                rtu_ib
 .bss.rtu_ia    0x200014dc        0x4 CMakeFiles/pfc3van.dir/Core/Src/stm32f7xx_it.c.obj
                0x200014dc                rtu_ia
 .bss.vdc_max   0x200014e0        0x4 CMakeFiles/pfc3van.dir/Core/Src/stm32f7xx_it.c.obj
                0x200014e0                vdc_max
 .bss.ib_max    0x200014e4        0x4 CMakeFiles/pfc3van.dir/Core/Src/stm32f7xx_it.c.obj
                0x200014e4                ib_max
 .bss.ia_max    0x200014e8        0x4 CMakeFiles/pfc3van.dir/Core/Src/stm32f7xx_it.c.obj
                0x200014e8                ia_max
 .bss.ctrl_ez_DW
                0x200014ec       0x94 ctrl_ez\ARMCortex-M\_ref\ctrl_ez\libctrl_ez_rtwlib.a(ctrl_ez.c.obj)
                0x200014ec                ctrl_ez_DW
 .bss.filter_IC
                0x20001580        0x4 ctrl_ez\ARMCortex-M\_ref\ctrl_ez\libctrl_ez_rtwlib.a(ctrl_ez.c.obj)
                0x20001580                filter_IC
 .bss.filter_IB
                0x20001584        0x4 ctrl_ez\ARMCortex-M\_ref\ctrl_ez\libctrl_ez_rtwlib.a(ctrl_ez.c.obj)
                0x20001584                filter_IB
 .bss.filter_IA
                0x20001588        0x4 ctrl_ez\ARMCortex-M\_ref\ctrl_ez\libctrl_ez_rtwlib.a(ctrl_ez.c.obj)
                0x20001588                filter_IA
 *(COMMON)
                0x2000158c                        . = ALIGN (0x4)
                0x2000158c                        _ebss = .
                0x2000158c                        __bss_end__ = _ebss

._user_heap_stack
                0x2000158c      0x604 load address 0x080049e8
                0x20001590                        . = ALIGN (0x8)
 *fill*         0x2000158c        0x4 
                [!provide]                        PROVIDE (end = .)
                0x20001590                        PROVIDE (_end = .)
                0x20001790                        . = (. + _Min_Heap_Size)
 *fill*         0x20001590      0x200 
                0x20001b90                        . = (. + _Min_Stack_Size)
 *fill*         0x20001790      0x400 
                0x20001b90                        . = ALIGN (0x8)

/DISCARD/
 libc.a(*)
 libm.a(*)
 libgcc.a(*)
OUTPUT(pfc3van.elf elf32-littlearm)
LOAD linker stubs
LOAD C:/ST/STM32CubeCLT_1.17.0/GNU-tools-for-STM32/bin/../lib/gcc/arm-none-eabi/12.3.1/../../../../arm-none-eabi/lib/thumb/v7e-m+dp/hard\libc.a
LOAD C:/ST/STM32CubeCLT_1.17.0/GNU-tools-for-STM32/bin/../lib/gcc/arm-none-eabi/12.3.1/../../../../arm-none-eabi/lib/thumb/v7e-m+dp/hard\libm.a
LOAD C:/ST/STM32CubeCLT_1.17.0/GNU-tools-for-STM32/bin/../lib/gcc/arm-none-eabi/12.3.1/thumb/v7e-m+dp/hard\libgcc.a

.ARM.attributes
                0x00000000       0x2e
 .ARM.attributes
                0x00000000       0x20 C:/ST/STM32CubeCLT_1.17.0/GNU-tools-for-STM32/bin/../lib/gcc/arm-none-eabi/12.3.1/thumb/v7e-m+dp/hard/crti.o
 .ARM.attributes
                0x00000020       0x32 C:/ST/STM32CubeCLT_1.17.0/GNU-tools-for-STM32/bin/../lib/gcc/arm-none-eabi/12.3.1/thumb/v7e-m+dp/hard/crtbegin.o
 .ARM.attributes
                0x00000052       0x32 C:/ST/STM32CubeCLT_1.17.0/GNU-tools-for-STM32/bin/../lib/gcc/arm-none-eabi/12.3.1/../../../../arm-none-eabi/lib/thumb/v7e-m+dp/hard\libc_nano.a(libc_a-findfp.o)
 .ARM.attributes
                0x00000084       0x32 C:/ST/STM32CubeCLT_1.17.0/GNU-tools-for-STM32/bin/../lib/gcc/arm-none-eabi/12.3.1/../../../../arm-none-eabi/lib/thumb/v7e-m+dp/hard\libc_nano.a(libc_a-memset.o)
 .ARM.attributes
                0x000000b6       0x32 C:/ST/STM32CubeCLT_1.17.0/GNU-tools-for-STM32/bin/../lib/gcc/arm-none-eabi/12.3.1/../../../../arm-none-eabi/lib/thumb/v7e-m+dp/hard\libc_nano.a(libc_a-impure.o)
 .ARM.attributes
                0x000000e8       0x32 C:/ST/STM32CubeCLT_1.17.0/GNU-tools-for-STM32/bin/../lib/gcc/arm-none-eabi/12.3.1/../../../../arm-none-eabi/lib/thumb/v7e-m+dp/hard\libc_nano.a(libc_a-init.o)
 .ARM.attributes
                0x0000011a       0x32 CMakeFiles/pfc3van.dir/Core/Src/main.c.obj
 .ARM.attributes
                0x0000014c       0x32 CMakeFiles/pfc3van.dir/Core/Src/stm32f7xx_it.c.obj
 .ARM.attributes
                0x0000017e       0x21 CMakeFiles/pfc3van.dir/startup_stm32f767xx.s.obj
 .ARM.attributes
                0x0000019f       0x32 cmake/stm32cubemx/CMakeFiles/STM32_Drivers.dir/__/__/Core/Src/system_stm32f7xx.c.obj
 .ARM.attributes
                0x000001d1       0x32 cmake/stm32cubemx/CMakeFiles/STM32_Drivers.dir/__/__/Drivers/STM32F7xx_HAL_Driver/Src/stm32f7xx_ll_gpio.c.obj
 .ARM.attributes
                0x00000203       0x32 cmake/stm32cubemx/CMakeFiles/STM32_Drivers.dir/__/__/Drivers/STM32F7xx_HAL_Driver/Src/stm32f7xx_ll_adc.c.obj
 .ARM.attributes
                0x00000235       0x32 cmake/stm32cubemx/CMakeFiles/STM32_Drivers.dir/__/__/Drivers/STM32F7xx_HAL_Driver/Src/stm32f7xx_ll_rcc.c.obj
 .ARM.attributes
                0x00000267       0x32 cmake/stm32cubemx/CMakeFiles/STM32_Drivers.dir/__/__/Drivers/STM32F7xx_HAL_Driver/Src/stm32f7xx_ll_utils.c.obj
 .ARM.attributes
                0x00000299       0x32 cmake/stm32cubemx/CMakeFiles/STM32_Drivers.dir/__/__/Drivers/STM32F7xx_HAL_Driver/Src/stm32f7xx_ll_exti.c.obj
 .ARM.attributes
                0x000002cb       0x32 cmake/stm32cubemx/CMakeFiles/STM32_Drivers.dir/__/__/Drivers/STM32F7xx_HAL_Driver/Src/stm32f7xx_ll_tim.c.obj
 .ARM.attributes
                0x000002fd       0x32 cmake/stm32cubemx/CMakeFiles/STM32_Drivers.dir/__/__/Drivers/STM32F7xx_HAL_Driver/Src/stm32f7xx_ll_usart.c.obj
 .ARM.attributes
                0x0000032f       0x32 ctrl_ez\ARMCortex-M\_ref\ctrl_ez\libctrl_ez_rtwlib.a(ctrl_ez.c.obj)
 .ARM.attributes
                0x00000361       0x32 ARMCortex-M\_shared\librtwshared.a(const_params.c.obj)
 .ARM.attributes
                0x00000393       0x32 ARMCortex-M\_shared\librtwshared.a(intrp1d_fu32fl.c.obj)
 .ARM.attributes
                0x000003c5       0x32 ARMCortex-M\_shared\librtwshared.a(plook_u32ff_evenc.c.obj)
 .ARM.attributes
                0x000003f7       0x32 C:/ST/STM32CubeCLT_1.17.0/GNU-tools-for-STM32/bin/../lib/gcc/arm-none-eabi/12.3.1/../../../../arm-none-eabi/lib/thumb/v7e-m+dp/hard\libg_nano.a(libc_a-errno.o)
 .ARM.attributes
                0x00000429       0x20 C:/ST/STM32CubeCLT_1.17.0/GNU-tools-for-STM32/bin/../lib/gcc/arm-none-eabi/12.3.1/thumb/v7e-m+dp/hard/crtn.o
 .ARM.attributes
                0x00000449       0x32 C:/ST/STM32CubeCLT_1.17.0/GNU-tools-for-STM32/bin/../lib/gcc/arm-none-eabi/12.3.1/../../../../arm-none-eabi/lib/thumb/v7e-m+dp/hard\libm.a(libm_a-w_sqrt.o)
 .ARM.attributes
                0x0000047b       0x32 C:/ST/STM32CubeCLT_1.17.0/GNU-tools-for-STM32/bin/../lib/gcc/arm-none-eabi/12.3.1/../../../../arm-none-eabi/lib/thumb/v7e-m+dp/hard\libm.a(libm_a-e_sqrt.o)

.comment        0x00000000       0x43
 .comment       0x00000000       0x43 CMakeFiles/pfc3van.dir/Core/Src/main.c.obj
                                 0x44 (size before relaxing)
 .comment       0x00000043       0x44 CMakeFiles/pfc3van.dir/Core/Src/stm32f7xx_it.c.obj
 .comment       0x00000043       0x44 cmake/stm32cubemx/CMakeFiles/STM32_Drivers.dir/__/__/Core/Src/system_stm32f7xx.c.obj
 .comment       0x00000043       0x44 cmake/stm32cubemx/CMakeFiles/STM32_Drivers.dir/__/__/Drivers/STM32F7xx_HAL_Driver/Src/stm32f7xx_ll_gpio.c.obj
 .comment       0x00000043       0x44 cmake/stm32cubemx/CMakeFiles/STM32_Drivers.dir/__/__/Drivers/STM32F7xx_HAL_Driver/Src/stm32f7xx_ll_adc.c.obj
 .comment       0x00000043       0x44 cmake/stm32cubemx/CMakeFiles/STM32_Drivers.dir/__/__/Drivers/STM32F7xx_HAL_Driver/Src/stm32f7xx_ll_rcc.c.obj
 .comment       0x00000043       0x44 cmake/stm32cubemx/CMakeFiles/STM32_Drivers.dir/__/__/Drivers/STM32F7xx_HAL_Driver/Src/stm32f7xx_ll_utils.c.obj
 .comment       0x00000043       0x44 cmake/stm32cubemx/CMakeFiles/STM32_Drivers.dir/__/__/Drivers/STM32F7xx_HAL_Driver/Src/stm32f7xx_ll_exti.c.obj
 .comment       0x00000043       0x44 cmake/stm32cubemx/CMakeFiles/STM32_Drivers.dir/__/__/Drivers/STM32F7xx_HAL_Driver/Src/stm32f7xx_ll_tim.c.obj
 .comment       0x00000043       0x44 cmake/stm32cubemx/CMakeFiles/STM32_Drivers.dir/__/__/Drivers/STM32F7xx_HAL_Driver/Src/stm32f7xx_ll_usart.c.obj
 .comment       0x00000043       0x44 ctrl_ez\ARMCortex-M\_ref\ctrl_ez\libctrl_ez_rtwlib.a(ctrl_ez.c.obj)
 .comment       0x00000043       0x44 ARMCortex-M\_shared\librtwshared.a(const_params.c.obj)
 .comment       0x00000043       0x44 ARMCortex-M\_shared\librtwshared.a(intrp1d_fu32fl.c.obj)
 .comment       0x00000043       0x44 ARMCortex-M\_shared\librtwshared.a(plook_u32ff_evenc.c.obj)
 .comment       0x00000043       0x44 C:/ST/STM32CubeCLT_1.17.0/GNU-tools-for-STM32/bin/../lib/gcc/arm-none-eabi/12.3.1/../../../../arm-none-eabi/lib/thumb/v7e-m+dp/hard\libg_nano.a(libc_a-errno.o)

.debug_frame    0x00000000      0xc9c
 .debug_frame   0x00000000      0x144 C:/ST/STM32CubeCLT_1.17.0/GNU-tools-for-STM32/bin/../lib/gcc/arm-none-eabi/12.3.1/../../../../arm-none-eabi/lib/thumb/v7e-m+dp/hard\libc_nano.a(libc_a-findfp.o)
 .debug_frame   0x00000144       0x20 C:/ST/STM32CubeCLT_1.17.0/GNU-tools-for-STM32/bin/../lib/gcc/arm-none-eabi/12.3.1/../../../../arm-none-eabi/lib/thumb/v7e-m+dp/hard\libc_nano.a(libc_a-memset.o)
 .debug_frame   0x00000164       0x2c C:/ST/STM32CubeCLT_1.17.0/GNU-tools-for-STM32/bin/../lib/gcc/arm-none-eabi/12.3.1/../../../../arm-none-eabi/lib/thumb/v7e-m+dp/hard\libc_nano.a(libc_a-init.o)
 .debug_frame   0x00000190       0x9c CMakeFiles/pfc3van.dir/Core/Src/main.c.obj
 .debug_frame   0x0000022c      0x174 CMakeFiles/pfc3van.dir/Core/Src/stm32f7xx_it.c.obj
 .debug_frame   0x000003a0       0x30 cmake/stm32cubemx/CMakeFiles/STM32_Drivers.dir/__/__/Core/Src/system_stm32f7xx.c.obj
 .debug_frame   0x000003d0       0x60 cmake/stm32cubemx/CMakeFiles/STM32_Drivers.dir/__/__/Drivers/STM32F7xx_HAL_Driver/Src/stm32f7xx_ll_gpio.c.obj
 .debug_frame   0x00000430      0x100 cmake/stm32cubemx/CMakeFiles/STM32_Drivers.dir/__/__/Drivers/STM32F7xx_HAL_Driver/Src/stm32f7xx_ll_adc.c.obj
 .debug_frame   0x00000530      0x2e0 cmake/stm32cubemx/CMakeFiles/STM32_Drivers.dir/__/__/Drivers/STM32F7xx_HAL_Driver/Src/stm32f7xx_ll_rcc.c.obj
 .debug_frame   0x00000810       0xd8 cmake/stm32cubemx/CMakeFiles/STM32_Drivers.dir/__/__/Drivers/STM32F7xx_HAL_Driver/Src/stm32f7xx_ll_utils.c.obj
 .debug_frame   0x000008e8       0x40 cmake/stm32cubemx/CMakeFiles/STM32_Drivers.dir/__/__/Drivers/STM32F7xx_HAL_Driver/Src/stm32f7xx_ll_exti.c.obj
 .debug_frame   0x00000928      0x150 cmake/stm32cubemx/CMakeFiles/STM32_Drivers.dir/__/__/Drivers/STM32F7xx_HAL_Driver/Src/stm32f7xx_ll_tim.c.obj
 .debug_frame   0x00000a78       0x78 cmake/stm32cubemx/CMakeFiles/STM32_Drivers.dir/__/__/Drivers/STM32F7xx_HAL_Driver/Src/stm32f7xx_ll_usart.c.obj
 .debug_frame   0x00000af0       0xe8 ctrl_ez\ARMCortex-M\_ref\ctrl_ez\libctrl_ez_rtwlib.a(ctrl_ez.c.obj)
 .debug_frame   0x00000bd8       0x20 ARMCortex-M\_shared\librtwshared.a(intrp1d_fu32fl.c.obj)
 .debug_frame   0x00000bf8       0x20 ARMCortex-M\_shared\librtwshared.a(plook_u32ff_evenc.c.obj)
 .debug_frame   0x00000c18       0x20 C:/ST/STM32CubeCLT_1.17.0/GNU-tools-for-STM32/bin/../lib/gcc/arm-none-eabi/12.3.1/../../../../arm-none-eabi/lib/thumb/v7e-m+dp/hard\libg_nano.a(libc_a-errno.o)
 .debug_frame   0x00000c38       0x44 C:/ST/STM32CubeCLT_1.17.0/GNU-tools-for-STM32/bin/../lib/gcc/arm-none-eabi/12.3.1/../../../../arm-none-eabi/lib/thumb/v7e-m+dp/hard\libm.a(libm_a-w_sqrt.o)
 .debug_frame   0x00000c7c       0x20 C:/ST/STM32CubeCLT_1.17.0/GNU-tools-for-STM32/bin/../lib/gcc/arm-none-eabi/12.3.1/../../../../arm-none-eabi/lib/thumb/v7e-m+dp/hard\libm.a(libm_a-e_sqrt.o)

.debug_info     0x00000000    0x11553
 .debug_info    0x00000000     0x6a41 CMakeFiles/pfc3van.dir/Core/Src/main.c.obj
 .debug_info    0x00006a41     0x228f CMakeFiles/pfc3van.dir/Core/Src/stm32f7xx_it.c.obj
 .debug_info    0x00008cd0       0x30 CMakeFiles/pfc3van.dir/startup_stm32f767xx.s.obj
 .debug_info    0x00008d00      0x6fb cmake/stm32cubemx/CMakeFiles/STM32_Drivers.dir/__/__/Core/Src/system_stm32f7xx.c.obj
 .debug_info    0x000093fb      0xcb5 cmake/stm32cubemx/CMakeFiles/STM32_Drivers.dir/__/__/Drivers/STM32F7xx_HAL_Driver/Src/stm32f7xx_ll_gpio.c.obj
 .debug_info    0x0000a0b0      0xa83 cmake/stm32cubemx/CMakeFiles/STM32_Drivers.dir/__/__/Drivers/STM32F7xx_HAL_Driver/Src/stm32f7xx_ll_adc.c.obj
 .debug_info    0x0000ab33     0x1f76 cmake/stm32cubemx/CMakeFiles/STM32_Drivers.dir/__/__/Drivers/STM32F7xx_HAL_Driver/Src/stm32f7xx_ll_rcc.c.obj
 .debug_info    0x0000caa9      0xd25 cmake/stm32cubemx/CMakeFiles/STM32_Drivers.dir/__/__/Drivers/STM32F7xx_HAL_Driver/Src/stm32f7xx_ll_utils.c.obj
 .debug_info    0x0000d7ce      0x482 cmake/stm32cubemx/CMakeFiles/STM32_Drivers.dir/__/__/Drivers/STM32F7xx_HAL_Driver/Src/stm32f7xx_ll_exti.c.obj
 .debug_info    0x0000dc50     0x1907 cmake/stm32cubemx/CMakeFiles/STM32_Drivers.dir/__/__/Drivers/STM32F7xx_HAL_Driver/Src/stm32f7xx_ll_tim.c.obj
 .debug_info    0x0000f557      0xaed cmake/stm32cubemx/CMakeFiles/STM32_Drivers.dir/__/__/Drivers/STM32F7xx_HAL_Driver/Src/stm32f7xx_ll_usart.c.obj
 .debug_info    0x00010044      0xb1d ctrl_ez\ARMCortex-M\_ref\ctrl_ez\libctrl_ez_rtwlib.a(ctrl_ez.c.obj)
 .debug_info    0x00010b61       0xc8 ARMCortex-M\_shared\librtwshared.a(const_params.c.obj)
 .debug_info    0x00010c29       0xf8 ARMCortex-M\_shared\librtwshared.a(intrp1d_fu32fl.c.obj)
 .debug_info    0x00010d21      0x137 ARMCortex-M\_shared\librtwshared.a(plook_u32ff_evenc.c.obj)
 .debug_info    0x00010e58      0x6fb C:/ST/STM32CubeCLT_1.17.0/GNU-tools-for-STM32/bin/../lib/gcc/arm-none-eabi/12.3.1/../../../../arm-none-eabi/lib/thumb/v7e-m+dp/hard\libg_nano.a(libc_a-errno.o)

.debug_abbrev   0x00000000     0x21df
 .debug_abbrev  0x00000000      0x46d CMakeFiles/pfc3van.dir/Core/Src/main.c.obj
 .debug_abbrev  0x0000046d      0x363 CMakeFiles/pfc3van.dir/Core/Src/stm32f7xx_it.c.obj
 .debug_abbrev  0x000007d0       0x24 CMakeFiles/pfc3van.dir/startup_stm32f767xx.s.obj
 .debug_abbrev  0x000007f4      0x13f cmake/stm32cubemx/CMakeFiles/STM32_Drivers.dir/__/__/Core/Src/system_stm32f7xx.c.obj
 .debug_abbrev  0x00000933      0x29f cmake/stm32cubemx/CMakeFiles/STM32_Drivers.dir/__/__/Drivers/STM32F7xx_HAL_Driver/Src/stm32f7xx_ll_gpio.c.obj
 .debug_abbrev  0x00000bd2      0x236 cmake/stm32cubemx/CMakeFiles/STM32_Drivers.dir/__/__/Drivers/STM32F7xx_HAL_Driver/Src/stm32f7xx_ll_adc.c.obj
 .debug_abbrev  0x00000e08      0x3d9 cmake/stm32cubemx/CMakeFiles/STM32_Drivers.dir/__/__/Drivers/STM32F7xx_HAL_Driver/Src/stm32f7xx_ll_rcc.c.obj
 .debug_abbrev  0x000011e1      0x31b cmake/stm32cubemx/CMakeFiles/STM32_Drivers.dir/__/__/Drivers/STM32F7xx_HAL_Driver/Src/stm32f7xx_ll_utils.c.obj
 .debug_abbrev  0x000014fc      0x1eb cmake/stm32cubemx/CMakeFiles/STM32_Drivers.dir/__/__/Drivers/STM32F7xx_HAL_Driver/Src/stm32f7xx_ll_exti.c.obj
 .debug_abbrev  0x000016e7      0x2d0 cmake/stm32cubemx/CMakeFiles/STM32_Drivers.dir/__/__/Drivers/STM32F7xx_HAL_Driver/Src/stm32f7xx_ll_tim.c.obj
 .debug_abbrev  0x000019b7      0x2f5 cmake/stm32cubemx/CMakeFiles/STM32_Drivers.dir/__/__/Drivers/STM32F7xx_HAL_Driver/Src/stm32f7xx_ll_usart.c.obj
 .debug_abbrev  0x00001cac      0x219 ctrl_ez\ARMCortex-M\_ref\ctrl_ez\libctrl_ez_rtwlib.a(ctrl_ez.c.obj)
 .debug_abbrev  0x00001ec5       0x6b ARMCortex-M\_shared\librtwshared.a(const_params.c.obj)
 .debug_abbrev  0x00001f30       0xa1 ARMCortex-M\_shared\librtwshared.a(intrp1d_fu32fl.c.obj)
 .debug_abbrev  0x00001fd1       0xb0 ARMCortex-M\_shared\librtwshared.a(plook_u32ff_evenc.c.obj)
 .debug_abbrev  0x00002081      0x15e C:/ST/STM32CubeCLT_1.17.0/GNU-tools-for-STM32/bin/../lib/gcc/arm-none-eabi/12.3.1/../../../../arm-none-eabi/lib/thumb/v7e-m+dp/hard\libg_nano.a(libc_a-errno.o)

.debug_loclists
                0x00000000     0x5bdd
 .debug_loclists
                0x00000000     0x1ebe CMakeFiles/pfc3van.dir/Core/Src/main.c.obj
 .debug_loclists
                0x00001ebe      0x422 CMakeFiles/pfc3van.dir/Core/Src/stm32f7xx_it.c.obj
 .debug_loclists
                0x000022e0       0xcb cmake/stm32cubemx/CMakeFiles/STM32_Drivers.dir/__/__/Core/Src/system_stm32f7xx.c.obj
 .debug_loclists
                0x000023ab      0x438 cmake/stm32cubemx/CMakeFiles/STM32_Drivers.dir/__/__/Drivers/STM32F7xx_HAL_Driver/Src/stm32f7xx_ll_gpio.c.obj
 .debug_loclists
                0x000027e3      0x2e5 cmake/stm32cubemx/CMakeFiles/STM32_Drivers.dir/__/__/Drivers/STM32F7xx_HAL_Driver/Src/stm32f7xx_ll_adc.c.obj
 .debug_loclists
                0x00002ac8      0xc0b cmake/stm32cubemx/CMakeFiles/STM32_Drivers.dir/__/__/Drivers/STM32F7xx_HAL_Driver/Src/stm32f7xx_ll_rcc.c.obj
 .debug_loclists
                0x000036d3      0x4b1 cmake/stm32cubemx/CMakeFiles/STM32_Drivers.dir/__/__/Drivers/STM32F7xx_HAL_Driver/Src/stm32f7xx_ll_utils.c.obj
 .debug_loclists
                0x00003b84       0xef cmake/stm32cubemx/CMakeFiles/STM32_Drivers.dir/__/__/Drivers/STM32F7xx_HAL_Driver/Src/stm32f7xx_ll_exti.c.obj
 .debug_loclists
                0x00003c73      0xcbd cmake/stm32cubemx/CMakeFiles/STM32_Drivers.dir/__/__/Drivers/STM32F7xx_HAL_Driver/Src/stm32f7xx_ll_tim.c.obj
 .debug_loclists
                0x00004930      0x3fb cmake/stm32cubemx/CMakeFiles/STM32_Drivers.dir/__/__/Drivers/STM32F7xx_HAL_Driver/Src/stm32f7xx_ll_usart.c.obj
 .debug_loclists
                0x00004d2b      0xd82 ctrl_ez\ARMCortex-M\_ref\ctrl_ez\libctrl_ez_rtwlib.a(ctrl_ez.c.obj)
 .debug_loclists
                0x00005aad       0x53 ARMCortex-M\_shared\librtwshared.a(intrp1d_fu32fl.c.obj)
 .debug_loclists
                0x00005b00       0xdd ARMCortex-M\_shared\librtwshared.a(plook_u32ff_evenc.c.obj)

.debug_aranges  0x00000000      0x4d8
 .debug_aranges
                0x00000000       0x48 CMakeFiles/pfc3van.dir/Core/Src/main.c.obj
 .debug_aranges
                0x00000048       0xb8 CMakeFiles/pfc3van.dir/Core/Src/stm32f7xx_it.c.obj
 .debug_aranges
                0x00000100       0x28 CMakeFiles/pfc3van.dir/startup_stm32f767xx.s.obj
 .debug_aranges
                0x00000128       0x28 cmake/stm32cubemx/CMakeFiles/STM32_Drivers.dir/__/__/Core/Src/system_stm32f7xx.c.obj
 .debug_aranges
                0x00000150       0x30 cmake/stm32cubemx/CMakeFiles/STM32_Drivers.dir/__/__/Drivers/STM32F7xx_HAL_Driver/Src/stm32f7xx_ll_gpio.c.obj
 .debug_aranges
                0x00000180       0x68 cmake/stm32cubemx/CMakeFiles/STM32_Drivers.dir/__/__/Drivers/STM32F7xx_HAL_Driver/Src/stm32f7xx_ll_adc.c.obj
 .debug_aranges
                0x000001e8       0xf8 cmake/stm32cubemx/CMakeFiles/STM32_Drivers.dir/__/__/Drivers/STM32F7xx_HAL_Driver/Src/stm32f7xx_ll_rcc.c.obj
 .debug_aranges
                0x000002e0       0x50 cmake/stm32cubemx/CMakeFiles/STM32_Drivers.dir/__/__/Drivers/STM32F7xx_HAL_Driver/Src/stm32f7xx_ll_utils.c.obj
 .debug_aranges
                0x00000330       0x30 cmake/stm32cubemx/CMakeFiles/STM32_Drivers.dir/__/__/Drivers/STM32F7xx_HAL_Driver/Src/stm32f7xx_ll_exti.c.obj
 .debug_aranges
                0x00000360       0x80 cmake/stm32cubemx/CMakeFiles/STM32_Drivers.dir/__/__/Drivers/STM32F7xx_HAL_Driver/Src/stm32f7xx_ll_tim.c.obj
 .debug_aranges
                0x000003e0       0x40 cmake/stm32cubemx/CMakeFiles/STM32_Drivers.dir/__/__/Drivers/STM32F7xx_HAL_Driver/Src/stm32f7xx_ll_usart.c.obj
 .debug_aranges
                0x00000420       0x40 ctrl_ez\ARMCortex-M\_ref\ctrl_ez\libctrl_ez_rtwlib.a(ctrl_ez.c.obj)
 .debug_aranges
                0x00000460       0x18 ARMCortex-M\_shared\librtwshared.a(const_params.c.obj)
 .debug_aranges
                0x00000478       0x20 ARMCortex-M\_shared\librtwshared.a(intrp1d_fu32fl.c.obj)
 .debug_aranges
                0x00000498       0x20 ARMCortex-M\_shared\librtwshared.a(plook_u32ff_evenc.c.obj)
 .debug_aranges
                0x000004b8       0x20 C:/ST/STM32CubeCLT_1.17.0/GNU-tools-for-STM32/bin/../lib/gcc/arm-none-eabi/12.3.1/../../../../arm-none-eabi/lib/thumb/v7e-m+dp/hard\libg_nano.a(libc_a-errno.o)

.debug_rnglists
                0x00000000     0x1301
 .debug_rnglists
                0x00000000      0x6e0 CMakeFiles/pfc3van.dir/Core/Src/main.c.obj
 .debug_rnglists
                0x000006e0      0x130 CMakeFiles/pfc3van.dir/Core/Src/stm32f7xx_it.c.obj
 .debug_rnglists
                0x00000810       0x19 CMakeFiles/pfc3van.dir/startup_stm32f767xx.s.obj
 .debug_rnglists
                0x00000829       0x19 cmake/stm32cubemx/CMakeFiles/STM32_Drivers.dir/__/__/Core/Src/system_stm32f7xx.c.obj
 .debug_rnglists
                0x00000842       0x9d cmake/stm32cubemx/CMakeFiles/STM32_Drivers.dir/__/__/Drivers/STM32F7xx_HAL_Driver/Src/stm32f7xx_ll_gpio.c.obj
 .debug_rnglists
                0x000008df       0x92 cmake/stm32cubemx/CMakeFiles/STM32_Drivers.dir/__/__/Drivers/STM32F7xx_HAL_Driver/Src/stm32f7xx_ll_adc.c.obj
 .debug_rnglists
                0x00000971      0x63c cmake/stm32cubemx/CMakeFiles/STM32_Drivers.dir/__/__/Drivers/STM32F7xx_HAL_Driver/Src/stm32f7xx_ll_rcc.c.obj
 .debug_rnglists
                0x00000fad      0x128 cmake/stm32cubemx/CMakeFiles/STM32_Drivers.dir/__/__/Drivers/STM32F7xx_HAL_Driver/Src/stm32f7xx_ll_utils.c.obj
 .debug_rnglists
                0x000010d5       0x44 cmake/stm32cubemx/CMakeFiles/STM32_Drivers.dir/__/__/Drivers/STM32F7xx_HAL_Driver/Src/stm32f7xx_ll_exti.c.obj
 .debug_rnglists
                0x00001119       0xf2 cmake/stm32cubemx/CMakeFiles/STM32_Drivers.dir/__/__/Drivers/STM32F7xx_HAL_Driver/Src/stm32f7xx_ll_tim.c.obj
 .debug_rnglists
                0x0000120b       0x6f cmake/stm32cubemx/CMakeFiles/STM32_Drivers.dir/__/__/Drivers/STM32F7xx_HAL_Driver/Src/stm32f7xx_ll_usart.c.obj
 .debug_rnglists
                0x0000127a       0x4e ctrl_ez\ARMCortex-M\_ref\ctrl_ez\libctrl_ez_rtwlib.a(ctrl_ez.c.obj)
 .debug_rnglists
                0x000012c8       0x13 ARMCortex-M\_shared\librtwshared.a(intrp1d_fu32fl.c.obj)
 .debug_rnglists
                0x000012db       0x13 ARMCortex-M\_shared\librtwshared.a(plook_u32ff_evenc.c.obj)
 .debug_rnglists
                0x000012ee       0x13 C:/ST/STM32CubeCLT_1.17.0/GNU-tools-for-STM32/bin/../lib/gcc/arm-none-eabi/12.3.1/../../../../arm-none-eabi/lib/thumb/v7e-m+dp/hard\libg_nano.a(libc_a-errno.o)

.debug_line     0x00000000     0xa290
 .debug_line    0x00000000     0x2bd5 CMakeFiles/pfc3van.dir/Core/Src/main.c.obj
 .debug_line    0x00002bd5      0xee4 CMakeFiles/pfc3van.dir/Core/Src/stm32f7xx_it.c.obj
 .debug_line    0x00003ab9       0x7a CMakeFiles/pfc3van.dir/startup_stm32f767xx.s.obj
 .debug_line    0x00003b33      0x2b8 cmake/stm32cubemx/CMakeFiles/STM32_Drivers.dir/__/__/Core/Src/system_stm32f7xx.c.obj
 .debug_line    0x00003deb      0x80e cmake/stm32cubemx/CMakeFiles/STM32_Drivers.dir/__/__/Drivers/STM32F7xx_HAL_Driver/Src/stm32f7xx_ll_gpio.c.obj
 .debug_line    0x000045f9      0x64f cmake/stm32cubemx/CMakeFiles/STM32_Drivers.dir/__/__/Drivers/STM32F7xx_HAL_Driver/Src/stm32f7xx_ll_adc.c.obj
 .debug_line    0x00004c48     0x1da8 cmake/stm32cubemx/CMakeFiles/STM32_Drivers.dir/__/__/Drivers/STM32F7xx_HAL_Driver/Src/stm32f7xx_ll_rcc.c.obj
 .debug_line    0x000069f0      0xa2d cmake/stm32cubemx/CMakeFiles/STM32_Drivers.dir/__/__/Drivers/STM32F7xx_HAL_Driver/Src/stm32f7xx_ll_utils.c.obj
 .debug_line    0x0000741d      0x44e cmake/stm32cubemx/CMakeFiles/STM32_Drivers.dir/__/__/Drivers/STM32F7xx_HAL_Driver/Src/stm32f7xx_ll_exti.c.obj
 .debug_line    0x0000786b      0xeac cmake/stm32cubemx/CMakeFiles/STM32_Drivers.dir/__/__/Drivers/STM32F7xx_HAL_Driver/Src/stm32f7xx_ll_tim.c.obj
 .debug_line    0x00008717      0x6e9 cmake/stm32cubemx/CMakeFiles/STM32_Drivers.dir/__/__/Drivers/STM32F7xx_HAL_Driver/Src/stm32f7xx_ll_usart.c.obj
 .debug_line    0x00008e00      0xf5c ctrl_ez\ARMCortex-M\_ref\ctrl_ez\libctrl_ez_rtwlib.a(ctrl_ez.c.obj)
 .debug_line    0x00009d5c       0x7f ARMCortex-M\_shared\librtwshared.a(const_params.c.obj)
 .debug_line    0x00009ddb      0x15d ARMCortex-M\_shared\librtwshared.a(intrp1d_fu32fl.c.obj)
 .debug_line    0x00009f38      0x1d3 ARMCortex-M\_shared\librtwshared.a(plook_u32ff_evenc.c.obj)
 .debug_line    0x0000a10b      0x185 C:/ST/STM32CubeCLT_1.17.0/GNU-tools-for-STM32/bin/../lib/gcc/arm-none-eabi/12.3.1/../../../../arm-none-eabi/lib/thumb/v7e-m+dp/hard\libg_nano.a(libc_a-errno.o)

.debug_str      0x00000000     0x4676
 .debug_str     0x00000000     0x1a16 CMakeFiles/pfc3van.dir/Core/Src/main.c.obj
                               0x1ba4 (size before relaxing)
 .debug_str     0x00001a16      0x82b CMakeFiles/pfc3van.dir/Core/Src/stm32f7xx_it.c.obj
                               0x138b (size before relaxing)
 .debug_str     0x00002241       0x66 CMakeFiles/pfc3van.dir/startup_stm32f767xx.s.obj
                                 0xa0 (size before relaxing)
 .debug_str     0x000022a7       0xf4 cmake/stm32cubemx/CMakeFiles/STM32_Drivers.dir/__/__/Core/Src/system_stm32f7xx.c.obj
                                0x480 (size before relaxing)
 .debug_str     0x0000239b      0x12e cmake/stm32cubemx/CMakeFiles/STM32_Drivers.dir/__/__/Drivers/STM32F7xx_HAL_Driver/Src/stm32f7xx_ll_gpio.c.obj
                                0x4cb (size before relaxing)
 .debug_str     0x000024c9      0x207 cmake/stm32cubemx/CMakeFiles/STM32_Drivers.dir/__/__/Drivers/STM32F7xx_HAL_Driver/Src/stm32f7xx_ll_adc.c.obj
                                0x694 (size before relaxing)
 .debug_str     0x000026d0      0x89a cmake/stm32cubemx/CMakeFiles/STM32_Drivers.dir/__/__/Drivers/STM32F7xx_HAL_Driver/Src/stm32f7xx_ll_rcc.c.obj
                                0xc00 (size before relaxing)
 .debug_str     0x00002f6a      0x272 cmake/stm32cubemx/CMakeFiles/STM32_Drivers.dir/__/__/Drivers/STM32F7xx_HAL_Driver/Src/stm32f7xx_ll_utils.c.obj
                                0x7a0 (size before relaxing)
 .debug_str     0x000031dc      0x167 cmake/stm32cubemx/CMakeFiles/STM32_Drivers.dir/__/__/Drivers/STM32F7xx_HAL_Driver/Src/stm32f7xx_ll_exti.c.obj
                                0x3b3 (size before relaxing)
 .debug_str     0x00003343      0x43f cmake/stm32cubemx/CMakeFiles/STM32_Drivers.dir/__/__/Drivers/STM32F7xx_HAL_Driver/Src/stm32f7xx_ll_tim.c.obj
                                0xa08 (size before relaxing)
 .debug_str     0x00003782      0x1bb cmake/stm32cubemx/CMakeFiles/STM32_Drivers.dir/__/__/Drivers/STM32F7xx_HAL_Driver/Src/stm32f7xx_ll_usart.c.obj
                                0x5fb (size before relaxing)
 .debug_str     0x0000393d      0x712 ctrl_ez\ARMCortex-M\_ref\ctrl_ez\libctrl_ez_rtwlib.a(ctrl_ez.c.obj)
                                0x933 (size before relaxing)
 .debug_str     0x0000404f       0xad ARMCortex-M\_shared\librtwshared.a(const_params.c.obj)
                                0x205 (size before relaxing)
 .debug_str     0x000040fc       0x73 ARMCortex-M\_shared\librtwshared.a(intrp1d_fu32fl.c.obj)
                                0x212 (size before relaxing)
 .debug_str     0x0000416f       0x8e ARMCortex-M\_shared\librtwshared.a(plook_u32ff_evenc.c.obj)
                                0x230 (size before relaxing)
 .debug_str     0x000041fd      0x479 C:/ST/STM32CubeCLT_1.17.0/GNU-tools-for-STM32/bin/../lib/gcc/arm-none-eabi/12.3.1/../../../../arm-none-eabi/lib/thumb/v7e-m+dp/hard\libg_nano.a(libc_a-errno.o)
                                0x52e (size before relaxing)

.debug_line_str
                0x00000000       0x84
 .debug_line_str
                0x00000000       0x84 CMakeFiles/pfc3van.dir/startup_stm32f767xx.s.obj
