Archive member included to satisfy reference by file (symbol)

../../../../slprj/ert/ctrl_ez/instrumented/ctrl_ez_rtwlib.lib(ctrl_ez.o)
                              xil_interface.o (ctrl_ez_Init)
C:/Users/Angel/Desktop/hil/pfc3ph/stf7/matlab/slprj/ert/_sharedutils/rtwshared.lib(const_params.o)
                              ../../../../slprj/ert/ctrl_ez/instrumented/ctrl_ez_rtwlib.lib(ctrl_ez.o) (rtCP_pooled_7x7Hr3MX2jW3)
C:/Users/Angel/Desktop/hil/pfc3ph/stf7/matlab/slprj/ert/_sharedutils/rtwshared.lib(intrp1d_fu32fl.o)
                              ../../../../slprj/ert/ctrl_ez/instrumented/ctrl_ez_rtwlib.lib(ctrl_ez.o) (intrp1d_fu32fl)
C:/Users/Angel/Desktop/hil/pfc3ph/stf7/matlab/slprj/ert/_sharedutils/rtwshared.lib(plook_u32ff_evenc.o)
                              ../../../../slprj/ert/ctrl_ez/instrumented/ctrl_ez_rtwlib.lib(ctrl_ez.o) (plook_u32ff_evenc)
C:/Users/Angel/Desktop/hil/pfc3ph/stf7/matlab/slprj/ert/ctrl_ez/coderassumptions/lib/ctrl_ez_ca.lib(ctrl_ez_ca.o)
                              coder_assumptions_app.o (CA_ctrl_ez_HWRes)
C:/Users/Angel/Desktop/hil/pfc3ph/stf7/matlab/slprj/ert/ctrl_ez/coderassumptions/lib/ctrl_ez_ca.lib(coder_assumptions_hwimpl.o)
                              C:/Users/Angel/Desktop/hil/pfc3ph/stf7/matlab/slprj/ert/ctrl_ez/coderassumptions/lib/ctrl_ez_ca.lib(ctrl_ez_ca.o) (caVerifyPortableWordSizes)
C:/Users/Angel/Desktop/hil/pfc3ph/stf7/matlab/slprj/ert/ctrl_ez/coderassumptions/lib/ctrl_ez_ca.lib(coder_assumptions_flt.o)
                              C:/Users/Angel/Desktop/hil/pfc3ph/stf7/matlab/slprj/ert/ctrl_ez/coderassumptions/lib/ctrl_ez_ca.lib(coder_assumptions_hwimpl.o) (denormalAsZero)
C:/ProgramData/MATLAB/SupportPackages/R2024b/3P.instrset/gnuarm-armcortex.instrset/win/bin/../lib/gcc/arm-none-eabi/13.2.1/thumb/v7e-m+dp/hard\libm.a(libm_a-sf_floor.o)
                              ../../../../slprj/ert/ctrl_ez/instrumented/ctrl_ez_rtwlib.lib(ctrl_ez.o) (floorf)
C:/ProgramData/MATLAB/SupportPackages/R2024b/3P.instrset/gnuarm-armcortex.instrset/win/bin/../lib/gcc/arm-none-eabi/13.2.1/thumb/v7e-m+dp/hard\libgcc.a(_aeabi_uldivmod.o)
                              stm32f7xx_hal_rcc.o (__aeabi_uldivmod)
C:/ProgramData/MATLAB/SupportPackages/R2024b/3P.instrset/gnuarm-armcortex.instrset/win/bin/../lib/gcc/arm-none-eabi/13.2.1/thumb/v7e-m+dp/hard\libgcc.a(_udivmoddi4.o)
                              C:/ProgramData/MATLAB/SupportPackages/R2024b/3P.instrset/gnuarm-armcortex.instrset/win/bin/../lib/gcc/arm-none-eabi/13.2.1/thumb/v7e-m+dp/hard\libgcc.a(_aeabi_uldivmod.o) (__udivmoddi4)
C:/ProgramData/MATLAB/SupportPackages/R2024b/3P.instrset/gnuarm-armcortex.instrset/win/bin/../lib/gcc/arm-none-eabi/13.2.1/thumb/v7e-m+dp/hard\libgcc.a(_dvmd_tls.o)
                              C:/ProgramData/MATLAB/SupportPackages/R2024b/3P.instrset/gnuarm-armcortex.instrset/win/bin/../lib/gcc/arm-none-eabi/13.2.1/thumb/v7e-m+dp/hard\libgcc.a(_aeabi_uldivmod.o) (__aeabi_ldiv0)
C:/ProgramData/MATLAB/SupportPackages/R2024b/3P.instrset/gnuarm-armcortex.instrset/win/bin/../lib/gcc/arm-none-eabi/13.2.1/thumb/v7e-m+dp/hard\libc_nano.a(libc_a-exit.o)
                              C:/ProgramData/MATLAB/SupportPackages/R2024b/3P.instrset/gnuarm-armcortex.instrset/win/bin/../lib/gcc/arm-none-eabi/13.2.1/thumb/v7e-m+dp/hard/crt0.o (exit)
C:/ProgramData/MATLAB/SupportPackages/R2024b/3P.instrset/gnuarm-armcortex.instrset/win/bin/../lib/gcc/arm-none-eabi/13.2.1/thumb/v7e-m+dp/hard\libc_nano.a(libc_a-findfp.o)
                              C:/ProgramData/MATLAB/SupportPackages/R2024b/3P.instrset/gnuarm-armcortex.instrset/win/bin/../lib/gcc/arm-none-eabi/13.2.1/thumb/v7e-m+dp/hard\libc_nano.a(libc_a-exit.o) (__stdio_exit_handler)
C:/ProgramData/MATLAB/SupportPackages/R2024b/3P.instrset/gnuarm-armcortex.instrset/win/bin/../lib/gcc/arm-none-eabi/13.2.1/thumb/v7e-m+dp/hard\libc_nano.a(libc_a-fwalk.o)
                              C:/ProgramData/MATLAB/SupportPackages/R2024b/3P.instrset/gnuarm-armcortex.instrset/win/bin/../lib/gcc/arm-none-eabi/13.2.1/thumb/v7e-m+dp/hard\libc_nano.a(libc_a-findfp.o) (_fwalk_sglue)
C:/ProgramData/MATLAB/SupportPackages/R2024b/3P.instrset/gnuarm-armcortex.instrset/win/bin/../lib/gcc/arm-none-eabi/13.2.1/thumb/v7e-m+dp/hard\libc_nano.a(libc_a-stdio.o)
                              C:/ProgramData/MATLAB/SupportPackages/R2024b/3P.instrset/gnuarm-armcortex.instrset/win/bin/../lib/gcc/arm-none-eabi/13.2.1/thumb/v7e-m+dp/hard\libc_nano.a(libc_a-findfp.o) (__sread)
C:/ProgramData/MATLAB/SupportPackages/R2024b/3P.instrset/gnuarm-armcortex.instrset/win/bin/../lib/gcc/arm-none-eabi/13.2.1/thumb/v7e-m+dp/hard\libc_nano.a(libc_a-memset.o)
                              C:/ProgramData/MATLAB/SupportPackages/R2024b/3P.instrset/gnuarm-armcortex.instrset/win/bin/../lib/gcc/arm-none-eabi/13.2.1/thumb/v7e-m+dp/hard/crt0.o (memset)
[...]
Memory Configuration

Name             Origin             Length             Attributes
RAM              0x20000000         0x00080000         xrw
FLASH            0x08000000         0x00200000         xr
*default*        0x00000000         0xffffffff

Linker script and memory map

LOAD C:/ProgramData/MATLAB/SupportPackages/R2024b/3P.instrset/gnuarm-armcortex.instrset/win/bin/../lib/gcc/arm-none-eabi/13.2.1/thumb/v7e-m+dp/hard/crti.o
LOAD C:/ProgramData/MATLAB/SupportPackages/R2024b/3P.instrset/gnuarm-armcortex.instrset/win/bin/../lib/gcc/arm-none-eabi/13.2.1/thumb/v7e-m+dp/hard/crtbegin.o
LOAD C:/ProgramData/MATLAB/SupportPackages/R2024b/3P.instrset/gnuarm-armcortex.instrset/win/bin/../lib/gcc/arm-none-eabi/13.2.1/thumb/v7e-m+dp/hard/crt0.o
LOAD xil_interface_lib.o
LOAD xil_data_stream.o
LOAD xil_services.o
LOAD xil_interface.o
LOAD xilcomms_rtiostream.o
LOAD xil_rtiostream.o
LOAD rtiostream_utils.o
LOAD coder_assumptions_app.o
LOAD coder_assumptions_data_stream.o
LOAD coder_assumptions_rtiostream.o
LOAD pil_main.o
LOAD rtiostream_serial.o
LOAD stm_usart.o
LOAD stm_lpuart.o
LOAD platform_timer.o
LOAD main.o
LOAD stm32f7xx_it.o
LOAD stm32f7xx_hal_msp.o
LOAD stm32f7xx_hal_timebase_tim.o
LOAD stm32f7xx_hal_tim.o
LOAD stm32f7xx_hal_tim_ex.o
LOAD stm32f7xx_ll_gpio.o
LOAD stm32f7xx_ll_dma.o
LOAD stm32f7xx_ll_usart.o
LOAD stm32f7xx_ll_rcc.o
LOAD stm32f7xx_ll_utils.o
LOAD stm32f7xx_ll_exti.o
LOAD stm32f7xx_hal_rcc.o
LOAD stm32f7xx_hal_rcc_ex.o
LOAD stm32f7xx_hal_flash.o
LOAD stm32f7xx_hal_flash_ex.o
LOAD stm32f7xx_hal_gpio.o
LOAD stm32f7xx_hal_dma.o
LOAD stm32f7xx_hal_dma_ex.o
LOAD stm32f7xx_hal_pwr.o
LOAD stm32f7xx_hal_pwr_ex.o
LOAD stm32f7xx_hal_cortex.o
LOAD stm32f7xx_hal.o
LOAD stm32f7xx_hal_i2c.o
LOAD stm32f7xx_hal_i2c_ex.o
LOAD stm32f7xx_hal_exti.o
LOAD stm32f7xx_hal_pcd.o
LOAD stm32f7xx_hal_pcd_ex.o
LOAD stm32f7xx_ll_usb.o
LOAD system_stm32f7xx.o
LOAD syscalls.o
LOAD sysmem.o
LOAD startup_stm32f767zitx.o
LOAD xil_instrumentation.o
LOAD codeinstr_data_stream.o
LOAD codeinstr_rtiostream.o
LOAD profiler_timer.o
LOAD ../../../../slprj/ert/ctrl_ez/instrumented/ctrl_ez_rtwlib.lib
LOAD C:/Users/Angel/Desktop/hil/pfc3ph/stf7/matlab/slprj/ert/_sharedutils/rtwshared.lib
LOAD C:/Users/Angel/Desktop/hil/pfc3ph/stf7/matlab/slprj/ert/ctrl_ez/coderassumptions/lib/ctrl_ez_ca.lib
LOAD C:/ProgramData/MATLAB/SupportPackages/R2024b/3P.instrset/cmsis_dsp.instrset/Lib/GCC/arm_cortexm7ldfdp_math/libCMSISDSP.a
LOAD C:/ProgramData/MATLAB/SupportPackages/R2024b/toolbox/shared/supportpackages/stm32/lib/GCC/libmw_pdmfilter_m7_dpfp.lib
LOAD C:/ProgramData/MATLAB/SupportPackages/R2024b/3P.instrset/gnuarm-armcortex.instrset/win/bin/../lib/gcc/arm-none-eabi/13.2.1/thumb/v7e-m+dp/hard\libstdc++_nano.a
LOAD C:/ProgramData/MATLAB/SupportPackages/R2024b/3P.instrset/gnuarm-armcortex.instrset/win/bin/../lib/gcc/arm-none-eabi/13.2.1/thumb/v7e-m+dp/hard\libm.a
START GROUP
LOAD C:/ProgramData/MATLAB/SupportPackages/R2024b/3P.instrset/gnuarm-armcortex.instrset/win/bin/../lib/gcc/arm-none-eabi/13.2.1/thumb/v7e-m+dp/hard\libgcc.a
LOAD C:/ProgramData/MATLAB/SupportPackages/R2024b/3P.instrset/gnuarm-armcortex.instrset/win/bin/../lib/gcc/arm-none-eabi/13.2.1/thumb/v7e-m+dp/hard\libc_nano.a
END GROUP
START GROUP
LOAD C:/ProgramData/MATLAB/SupportPackages/R2024b/3P.instrset/gnuarm-armcortex.instrset/win/bin/../lib/gcc/arm-none-eabi/13.2.1/thumb/v7e-m+dp/hard\libgcc.a
LOAD C:/ProgramData/MATLAB/SupportPackages/R2024b/3P.instrset/gnuarm-armcortex.instrset/win/bin/../lib/gcc/arm-none-eabi/13.2.1/thumb/v7e-m+dp/hard\libc_nano.a
LOAD C:/ProgramData/MATLAB/SupportPackages/R2024b/3P.instrset/gnuarm-armcortex.instrset/win/bin/../lib/gcc/arm-none-eabi/13.2.1/thumb/v7e-m+dp/hard\libnosys.a
END GROUP
START GROUP
LOAD C:/ProgramData/MATLAB/SupportPackages/R2024b/3P.instrset/gnuarm-armcortex.instrset/win/bin/../lib/gcc/arm-none-eabi/13.2.1/thumb/v7e-m+dp/hard\libgcc.a
LOAD C:/ProgramData/MATLAB/SupportPackages/R2024b/3P.instrset/gnuarm-armcortex.instrset/win/bin/../lib/gcc/arm-none-eabi/13.2.1/thumb/v7e-m+dp/hard\libc_nano.a
LOAD C:/ProgramData/MATLAB/SupportPackages/R2024b/3P.instrset/gnuarm-armcortex.instrset/win/bin/../lib/gcc/arm-none-eabi/13.2.1/thumb/v7e-m+dp/hard\libnosys.a
END GROUP
LOAD C:/ProgramData/MATLAB/SupportPackages/R2024b/3P.instrset/gnuarm-armcortex.instrset/win/bin/../lib/gcc/arm-none-eabi/13.2.1/thumb/v7e-m+dp/hard/crtend.o
LOAD C:/ProgramData/MATLAB/SupportPackages/R2024b/3P.instrset/gnuarm-armcortex.instrset/win/bin/../lib/gcc/arm-none-eabi/13.2.1/thumb/v7e-m+dp/hard/crtn.o
                0x20080000                        _estack = (ORIGIN (RAM) + LENGTH (RAM))
                0x00000200                        _Min_Heap_Size = 0x200
                0x00000400                        _Min_Stack_Size = 0x400

.isr_vector     0x08000000      0x1f8
                0x08000000                        . = ALIGN (0x4)
 *(.isr_vector)
 .isr_vector    0x08000000      0x1f8 startup_stm32f767zitx.o
                0x08000000                g_pfnVectors
                0x080001f8                        . = ALIGN (0x4)

.text           0x080001f8     0x8848
                0x080001f8                        . = ALIGN (0x4)
 *(.text)
 *(.text*)
 .text.deregister_tm_clones
                0x080001f8       0x1c C:/ProgramData/MATLAB/SupportPackages/R2024b/3P.instrset/gnuarm-armcortex.instrset/win/bin/../lib/gcc/arm-none-eabi/13.2.1/thumb/v7e-m+dp/hard/crtbegin.o
 .text.register_tm_clones
                0x08000214       0x24 C:/ProgramData/MATLAB/SupportPackages/R2024b/3P.instrset/gnuarm-armcortex.instrset/win/bin/../lib/gcc/arm-none-eabi/13.2.1/thumb/v7e-m+dp/hard/crtbegin.o
 .text.__do_global_dtors_aux
                0x08000238       0x28 C:/ProgramData/MATLAB/SupportPackages/R2024b/3P.instrset/gnuarm-armcortex.instrset/win/bin/../lib/gcc/arm-none-eabi/13.2.1/thumb/v7e-m+dp/hard/crtbegin.o
 .text.frame_dummy
                0x08000260       0x24 C:/ProgramData/MATLAB/SupportPackages/R2024b/3P.instrset/gnuarm-armcortex.instrset/win/bin/../lib/gcc/arm-none-eabi/13.2.1/thumb/v7e-m+dp/hard/crtbegin.o
 .text.getNextXILIOData
                0x08000284       0x28 xil_interface_lib.o
 .text.processHostToTargetData
                0x080002ac       0xa4 xil_interface_lib.o
 .text.processTargetToHostData
                0x08000350       0x78 xil_interface_lib.o
 .text.processTargetToHostPreData
                0x080003c8       0x7c xil_interface_lib.o
 .text.finalizeCommandResponse
                0x08000444       0x74 xil_interface_lib.o
 .text.computeNextState
                0x080004b8      0x1f8 xil_interface_lib.o
 .text.xilReadCommandCode
                0x080006b0       0x88 xil_interface_lib.o
 .text.xilProcessMsg
                0x08000738      0x530 xil_interface_lib.o
                0x08000738                xilProcessMsg
 .text.xilRun   0x08000c68       0x44 xil_interface_lib.o
                0x08000c68                xilRun
 .text.resetXILWriteBuffer
                0x08000cac       0x5c xil_data_stream.o
                0x08000cac                resetXILWriteBuffer
 .text.silpilInit
                0x08000d08       0x2a xil_data_stream.o
                0x08000d08                silpilInit
 *fill*         0x08000d32        0x2 
 .text.sendWriteBuffer
                0x08000d34       0x4c xil_data_stream.o
 .text.xilWriteData
                0x08000d80       0x9c xil_data_stream.o
                0x08000d80                xilWriteData
 .text.xilReadData
                0x08000e1c       0xac xil_data_stream.o
                0x08000e1c                xilReadData
 .text.xilDataFlush
                0x08000ec8       0x40 xil_data_stream.o
                0x08000ec8                xilDataFlush
 .text.silpilTerminate
                0x08000f08        0xc xil_data_stream.o
                0x08000f08                silpilTerminate
 .text.xilInit  0x08000f14       0x52 xil_services.o
                0x08000f14                xilInit
 .text.xilTerminateComms
                0x08000f66       0x1a xil_services.o
                0x08000f66                xilTerminateComms
 .text.xilProcessParams
                0x08000f80       0x20 xil_interface.o
                0x08000f80                xilProcessParams
 .text.xilUploadCodeInstrData
                0x08000fa0       0x52 xil_interface.o
                0x08000fa0                xilUploadCodeInstrData
 .text.xilGetDataTypeInfo
                0x08000ff2       0x5c xil_interface.o
                0x08000ff2                xilGetDataTypeInfo
 *fill*         0x0800104e        0x2 
 .text.xilInitialize
                0x08001050       0x54 xil_interface.o
                0x08001050                xilInitialize
 .text.xilPause
                0x080010a4       0x24 xil_interface.o
                0x080010a4                xilPause
 .text.xilSystemInitialize
                0x080010c8       0x38 xil_interface.o
                0x080010c8                xilSystemInitialize
 .text.xilSystemReset
                0x08001100       0x24 xil_interface.o
                0x08001100                xilSystemReset
 .text.xilGetHostToTargetData
                0x08001124      0x21c xil_interface.o
                0x08001124                xilGetHostToTargetData
 .text.xilGetTargetToHostPreData
                0x08001340       0x3a xil_interface.o
                0x08001340                xilGetTargetToHostPreData
 *fill*         0x0800137a        0x2 
 .text.xilOutput
                0x0800137c       0xac xil_interface.o
                0x0800137c                xilOutput
 .text.xilUpdate
                0x08001428       0x22 xil_interface.o
                0x08001428                xilUpdate
 *fill*         0x0800144a        0x2 
 .text.xilGetTargetToHostData
                0x0800144c      0x264 xil_interface.o
                0x0800144c                xilGetTargetToHostData
 .text.xilTerminate
                0x080016b0       0x20 xil_interface.o
                0x080016b0                xilTerminate
 .text.xilInitTargetData
                0x080016d0       0x10 xil_interface.o
                0x080016d0                xilInitTargetData
 .text.xilEnable
                0x080016e0       0x22 xil_interface.o
                0x080016e0                xilEnable
 .text.xilDisable
                0x08001702       0x22 xil_interface.o
                0x08001702                xilDisable
 .text.commsInit
                0x08001724       0x34 xilcomms_rtiostream.o
                0x08001724                commsInit
 .text.commsTerminate
                0x08001758       0x24 xilcomms_rtiostream.o
                0x08001758                commsTerminate
 .text.commsEnqueueBuffer
                0x0800177c       0x68 xilcomms_rtiostream.o
                0x0800177c                commsEnqueueBuffer
 .text.rtiostreamReadMessage
                0x080017e4       0x7c xilcomms_rtiostream.o
                0x080017e4                rtiostreamReadMessage
 .text.xilTgtAppSvcCreate
                0x08001860       0x10 xil_rtiostream.o
                0x08001860                xilTgtAppSvcCreate
 .text.xilTgtAppSvcDestroy
                0x08001870        0xe xil_rtiostream.o
                0x08001870                xilTgtAppSvcDestroy
 *fill*         0x0800187e        0x2 
 .text.xilTgtAppSvcAllocBuffer
                0x08001880       0x24 xil_rtiostream.o
                0x08001880                xilTgtAppSvcAllocBuffer
 .text.xilTgtAppSvcGetBufferDataPtr
                0x080018a4       0x1c xil_rtiostream.o
                0x080018a4                xilTgtAppSvcGetBufferDataPtr
 .text.xilTgtAppSvcSend
                0x080018c0       0x24 xil_rtiostream.o
                0x080018c0                xilTgtAppSvcSend
 .text.rtIOStreamBlockingSend
                0x080018e4       0x64 rtiostream_utils.o
                0x080018e4                rtIOStreamBlockingSend
 .text.rtIOStreamBlockingRecv
                0x08001948       0x64 rtiostream_utils.o
                0x08001948                rtIOStreamBlockingRecv
 .text.sendResult
                0x080019ac       0xa8 coder_assumptions_app.o
 .text.transmitMemUnitBytes
                0x08001a54       0x3e coder_assumptions_app.o
 *fill*         0x08001a92        0x2 
 .text.sendPWS  0x08001a94       0xc8 coder_assumptions_app.o
 .text.sendHWImpl1
                0x08001b5c      0x120 coder_assumptions_app.o
 .text.sendHWImpl2
                0x08001c7c      0x120 coder_assumptions_app.o
 .text.sendHWImpl3
                0x08001d9c       0xec coder_assumptions_app.o
 .text.sendHWImpl4
                0x08001e88       0xec coder_assumptions_app.o
 .text.sendHardwareChecks
                0x08001f74      0x128 coder_assumptions_app.o
 .text.runChecks
                0x0800209c       0xb6 coder_assumptions_app.o
 .text.coderAssumptionsRun
                0x08002152       0x18 coder_assumptions_app.o
                0x08002152                coderAssumptionsRun
 *fill*         0x0800216a        0x2 
 .text.coderAssumptionsWriteData
                0x0800216c       0x6c coder_assumptions_data_stream.o
                0x0800216c                coderAssumptionsWriteData
 .text.resetCoderAssumptionsWriteBuffer
                0x080021d8       0x40 coder_assumptions_data_stream.o
                0x080021d8                resetCoderAssumptionsWriteBuffer
 .text.coderAssumptionsSendWriteBuffer
                0x08002218       0x40 coder_assumptions_data_stream.o
                0x08002218                coderAssumptionsSendWriteBuffer
 .text.coderAssumptionsInit
                0x08002258       0x20 coder_assumptions_data_stream.o
                0x08002258                coderAssumptionsInit
 .text.coderAssumptionsTerminate
                0x08002278        0xc coder_assumptions_data_stream.o
                0x08002278                coderAssumptionsTerminate
 .text.coderAssumpTgtAppSvcCreate
                0x08002284       0x10 coder_assumptions_rtiostream.o
                0x08002284                coderAssumpTgtAppSvcCreate
 .text.coderAssumpTgtAppSvcDestroy
                0x08002294        0xe coder_assumptions_rtiostream.o
                0x08002294                coderAssumpTgtAppSvcDestroy
 *fill*         0x080022a2        0x2 
 .text.coderAssumpTgtAppSvcAllocBuffer
                0x080022a4       0x24 coder_assumptions_rtiostream.o
                0x080022a4                coderAssumpTgtAppSvcAllocBuffer
 .text.coderAssumpTgtAppSvcGetBufferDataPtr
                0x080022c8       0x1c coder_assumptions_rtiostream.o
                0x080022c8                coderAssumpTgtAppSvcGetBufferDataPtr
 .text.coderAssumpTgtAppSvcSend
                0x080022e4       0x24 coder_assumptions_rtiostream.o
                0x080022e4                coderAssumpTgtAppSvcSend
 .text.PILmain  0x08002308       0x90 pil_main.o
                0x08002308                PILmain
 .text.main     0x08002398       0x32 pil_main.o
                0x08002398                main
 *fill*         0x080023ca        0x2 
 .text.rtIOStreamOpen
                0x080023cc       0x44 rtiostream_serial.o
                0x080023cc                rtIOStreamOpen
 .text.rtIOStreamSend
                0x08002410       0x38 rtiostream_serial.o
                0x08002410                rtIOStreamSend
 .text.rtIOStreamRecv
                0x08002448       0x48 rtiostream_serial.o
                0x08002448                rtIOStreamRecv
 .text.rtIOStreamClose
                0x08002490       0x20 rtiostream_serial.o
                0x08002490                rtIOStreamClose
 .text.__NVIC_GetPriorityGrouping
                0x080024b0       0x1c stm_usart.o
 .text.__NVIC_EnableIRQ
                0x080024cc       0x3c stm_usart.o
 .text.__NVIC_SetPriority
                0x08002508       0x54 stm_usart.o
 .text.NVIC_EncodePriority
                0x0800255c       0x66 stm_usart.o
 *fill*         0x080025c2        0x2 
 .text.LL_DMA_EnableStream
                0x080025c4       0x40 stm_usart.o
 .text.LL_DMA_DisableStream
                0x08002604       0x40 stm_usart.o
 .text.LL_DMA_GetMode
                0x08002644       0x30 stm_usart.o
 .text.LL_DMA_SetDataLength
                0x08002674       0x4c stm_usart.o
 .text.LL_DMA_GetDataLength
                0x080026c0       0x2c stm_usart.o
 .text.LL_DMA_ConfigAddresses
                0x080026ec       0x78 stm_usart.o
 .text.LL_DMA_IsActiveFlag_TC1
                0x08002764       0x28 stm_usart.o
 .text.LL_DMA_ClearFlag_TC1
                0x0800278c       0x1c stm_usart.o
 .text.LL_DMA_EnableIT_TC
                0x080027a8       0x40 stm_usart.o
 .text.LL_DMA_DisableIT_TC
                0x080027e8       0x40 stm_usart.o
 .text.LL_DMA_IsEnabledIT_TC
                0x08002828       0x38 stm_usart.o
 .text.LL_USART_Enable
                0x08002860       0x20 stm_usart.o
 .text.LL_USART_Disable
                0x08002880       0x20 stm_usart.o
 .text.LL_USART_IsEnabledAutoBaud
                0x080028a0       0x28 stm_usart.o
 .text.LL_USART_IsActiveFlag_PE
                0x080028c8       0x26 stm_usart.o
 .text.LL_USART_IsActiveFlag_FE
                0x080028ee       0x26 stm_usart.o
 .text.LL_USART_IsActiveFlag_NE
                0x08002914       0x26 stm_usart.o
 .text.LL_USART_IsActiveFlag_ORE
                0x0800293a       0x26 stm_usart.o
 .text.LL_USART_IsActiveFlag_TC
                0x08002960       0x26 stm_usart.o
 .text.LL_USART_IsActiveFlag_TXE
                0x08002986       0x26 stm_usart.o
 .text.LL_USART_IsActiveFlag_ABRE
                0x080029ac       0x28 stm_usart.o
 .text.LL_USART_IsActiveFlag_ABR
                0x080029d4       0x28 stm_usart.o
 .text.LL_USART_ClearFlag_PE
                0x080029fc       0x1a stm_usart.o
 .text.LL_USART_ClearFlag_FE
                0x08002a16       0x1a stm_usart.o
 .text.LL_USART_ClearFlag_NE
                0x08002a30       0x1a stm_usart.o
 .text.LL_USART_ClearFlag_ORE
                0x08002a4a       0x1a stm_usart.o
 .text.LL_USART_EnableIT_RXNE
                0x08002a64       0x42 stm_usart.o
 .text.LL_USART_EnableIT_PE
                0x08002aa6       0x42 stm_usart.o
 .text.LL_USART_EnableIT_ERROR
                0x08002ae8       0x46 stm_usart.o
 .text.LL_USART_DisableIT_RXNE
                0x08002b2e       0x42 stm_usart.o
 .text.LL_USART_DisableIT_TXE
                0x08002b70       0x42 stm_usart.o
 .text.LL_USART_DisableIT_PE
                0x08002bb2       0x42 stm_usart.o
 .text.LL_USART_DisableIT_ERROR
                0x08002bf4       0x46 stm_usart.o
 .text.LL_USART_EnableDMAReq_RX
                0x08002c3a       0x46 stm_usart.o
 .text.LL_USART_DisableDMAReq_RX
                0x08002c80       0x46 stm_usart.o
 .text.LL_USART_EnableDMAReq_TX
                0x08002cc6       0x46 stm_usart.o
 .text.LL_USART_DisableDMAReq_TX
                0x08002d0c       0x46 stm_usart.o
 .text.LL_USART_DMA_GetRegAddr
                0x08002d52       0x2c stm_usart.o
 .text.LL_USART_ReceiveData8
                0x08002d7e       0x1a stm_usart.o
 .text.LL_USART_TransmitData8
                0x08002d98       0x1e stm_usart.o
 .text.LL_USART_RequestAutoBaudRate
                0x08002db6       0x20 stm_usart.o
 .text.getAvailableDataInBuffer
                0x08002dd6       0xcc stm_usart.o
                0x08002dd6                getAvailableDataInBuffer
 .text.getBytesToBeReadFromBuffer
                0x08002ea2       0x6e stm_usart.o
                0x08002ea2                getBytesToBeReadFromBuffer
 .text.readDataFromBuffer
                0x08002f10       0xcc stm_usart.o
                0x08002f10                readDataFromBuffer
 .text.UART_RXDMAInterruptHandler
                0x08002fdc       0xda stm_usart.o
                0x08002fdc                UART_RXDMAInterruptHandler
 .text.UART_IsActiveFlagError
                0x080030b6       0xf4 stm_usart.o
                0x080030b6                UART_IsActiveFlagError
 *fill*         0x080031aa        0x2 
 .text.USART3_IRQHandler
                0x080031ac       0x14 stm_usart.o
                0x080031ac                USART3_IRQHandler
 .text.DMA1_Stream1_IRQHandler
                0x080031c0       0x20 stm_usart.o
                0x080031c0                DMA1_Stream1_IRQHandler
 .text.UART_ConfigureReceiveDMA
                0x080031e0       0x8a stm_usart.o
                0x080031e0                UART_ConfigureReceiveDMA
 .text.UART_ConfigureTransmitDMA
                0x0800326a       0x56 stm_usart.o
                0x0800326a                UART_ConfigureTransmitDMA
 .text.getReadErrorStatus
                0x080032c0      0x148 stm_usart.o
                0x080032c0                getReadErrorStatus
 .text.MW_UART_Initialize
                0x08003408      0x198 stm_usart.o
                0x08003408                MW_UART_Initialize
 .text.MW_UART_ReceiveUsingBuffer
                0x080035a0       0x5c stm_usart.o
                0x080035a0                MW_UART_ReceiveUsingBuffer
 .text.MW_UART_TransmitUsingPolling
                0x080035fc      0x184 stm_usart.o
                0x080035fc                MW_UART_TransmitUsingPolling
 .text.MW_UART_DeInit
                0x08003780       0xaa stm_usart.o
                0x08003780                MW_UART_DeInit
 *fill*         0x0800382a        0x2 
 .text.PeriphCommonClock_Config
                0x0800382c       0x10 platform_timer.o
                0x0800382c                PeriphCommonClock_Config
 .text.getCurrentTimestampInMicros
                0x0800383c       0x40 platform_timer.o
                0x0800383c                getCurrentTimestampInMicros
 .text.returnTimeElapsed
                0x0800387c       0x2c platform_timer.o
                0x0800387c                returnTimeElapsed
 .text.__NVIC_GetPriorityGrouping
                0x080038a8       0x1c main.o
 .text.__NVIC_EnableIRQ
                0x080038c4       0x3c main.o
 .text.__NVIC_SetPriority
                0x08003900       0x54 main.o
 .text.NVIC_EncodePriority
                0x08003954       0x66 main.o
 *fill*         0x080039ba        0x2 
 .text.LL_DMA_SetDataTransferDirection
                0x080039bc       0x48 main.o
 .text.LL_DMA_SetMode
                0x08003a04       0x48 main.o
 .text.LL_DMA_SetPeriphIncMode
                0x08003a4c       0x48 main.o
 .text.LL_DMA_SetMemoryIncMode
                0x08003a94       0x48 main.o
 .text.LL_DMA_SetPeriphSize
                0x08003adc       0x48 main.o
 .text.LL_DMA_SetMemorySize
                0x08003b24       0x48 main.o
 .text.LL_DMA_SetStreamPriorityLevel
                0x08003b6c       0x48 main.o
 .text.LL_DMA_SetChannelSelection
                0x08003bb4       0x48 main.o
 .text.LL_DMA_DisableFifoMode
                0x08003bfc       0x40 main.o
 .text.LL_RCC_HSE_EnableBypass
                0x08003c3c       0x20 main.o
 .text.LL_RCC_HSE_Enable
                0x08003c5c       0x20 main.o
 .text.LL_RCC_HSE_IsReady
                0x08003c7c       0x28 main.o
 .text.LL_RCC_SetSysClkSource
                0x08003ca4       0x28 main.o
 .text.LL_RCC_GetSysClkSource
                0x08003ccc       0x1c main.o
 .text.LL_RCC_SetAHBPrescaler
                0x08003ce8       0x28 main.o
 .text.LL_RCC_SetAPB1Prescaler
                0x08003d10       0x28 main.o
 .text.LL_RCC_SetAPB2Prescaler
                0x08003d38       0x28 main.o
 .text.LL_RCC_SetUSARTClockSource
                0x08003d60       0x34 main.o
 .text.LL_RCC_PLL_Enable
                0x08003d94       0x20 main.o
 .text.LL_RCC_PLL_IsReady
                0x08003db4       0x28 main.o
 .text.LL_RCC_PLL_ConfigDomain_SYS
                0x08003ddc       0x40 main.o
 .text.LL_RCC_PLL_ConfigDomain_48M
                0x08003e1c       0x40 main.o
 .text.LL_AHB1_GRP1_EnableClock
                0x08003e5c       0x30 main.o
 .text.LL_APB1_GRP1_EnableClock
                0x08003e8c       0x30 main.o
 .text.LL_SYSCFG_SetEXTISource
                0x08003ebc       0x6c main.o
 .text.LL_FLASH_SetLatency
                0x08003f28       0x28 main.o
 .text.LL_FLASH_GetLatency
                0x08003f50       0x1c main.o
 .text.LL_PWR_EnableOverDriveMode
                0x08003f6c       0x20 main.o
 .text.LL_PWR_SetRegulVoltageScaling
                0x08003f8c       0x28 main.o
 .text.LL_USART_Enable
                0x08003fb4       0x20 main.o
 .text.LL_USART_ConfigAsyncMode
                0x08003fd4       0x2c main.o
 .text.LL_GPIO_SetPinMode
                0x08004000       0x7a main.o
 .text.LL_GPIO_SetPinPull
                0x0800407a       0x7a main.o
 .text.LL_GPIO_ResetOutputPin
                0x080040f4       0x1e main.o
 *fill*         0x08004112        0x2 
 .text.SystemClock_Config
                0x08004114       0xac main.o
                0x08004114                SystemClock_Config
 .text.MX_USART3_UART_Init
                0x080041c0      0x130 main.o
                0x080041c0                MX_USART3_UART_Init
 .text.MX_USB_OTG_FS_PCD_Init
                0x080042f0       0x5c main.o
                0x080042f0                MX_USB_OTG_FS_PCD_Init
 .text.MX_DMA_Init
                0x0800434c       0x30 main.o
                0x0800434c                MX_DMA_Init
 .text.MX_GPIO_Init
                0x0800437c      0x288 main.o
                0x0800437c                MX_GPIO_Init
 .text.HAL_TIM_PeriodElapsedCallback
                0x08004604       0x24 main.o
                0x08004604                HAL_TIM_PeriodElapsedCallback
 .text.Error_Handler
                0x08004628        0xc main.o
                0x08004628                Error_Handler
 .text.NMI_Handler
                0x08004634        0x8 stm32f7xx_it.o
                0x08004634                NMI_Handler
 .text.HardFault_Handler
                0x0800463c        0x8 stm32f7xx_it.o
                0x0800463c                HardFault_Handler
 .text.MemManage_Handler
                0x08004644        0x8 stm32f7xx_it.o
                0x08004644                MemManage_Handler
 .text.BusFault_Handler
                0x0800464c        0x8 stm32f7xx_it.o
                0x0800464c                BusFault_Handler
 .text.UsageFault_Handler
                0x08004654        0x8 stm32f7xx_it.o
                0x08004654                UsageFault_Handler
 .text.SVC_Handler
                0x0800465c        0xe stm32f7xx_it.o
                0x0800465c                SVC_Handler
 .text.DebugMon_Handler
                0x0800466a        0xe stm32f7xx_it.o
                0x0800466a                DebugMon_Handler
 .text.PendSV_Handler
                0x08004678        0xe stm32f7xx_it.o
                0x08004678                PendSV_Handler
 *fill*         0x08004686        0x2 
 .text.TIM5_IRQHandler
                0x08004688       0x14 stm32f7xx_it.o
                0x08004688                TIM5_IRQHandler
 .text.LL_RCC_SetUSBClockSource
                0x0800469c       0x2c stm32f7xx_hal_msp.o
 .text.HAL_MspInit
                0x080046c8       0x48 stm32f7xx_hal_msp.o
                0x080046c8                HAL_MspInit
 .text.HAL_PCD_MspInit
                0x08004710       0xbc stm32f7xx_hal_msp.o
                0x08004710                HAL_PCD_MspInit
 .text.HAL_InitTick
                0x080047cc       0xb0 stm32f7xx_hal_timebase_tim.o
                0x080047cc                HAL_InitTick
 .text.HAL_TIM_Base_Init
                0x0800487c       0xae stm32f7xx_hal_tim.o
                0x0800487c                HAL_TIM_Base_Init
 .text.HAL_TIM_Base_MspInit
                0x0800492a       0x14 stm32f7xx_hal_tim.o
                0x0800492a                HAL_TIM_Base_MspInit
 *fill*         0x0800493e        0x2 
 .text.HAL_TIM_Base_Start_IT
                0x08004940       0xf0 stm32f7xx_hal_tim.o
                0x08004940                HAL_TIM_Base_Start_IT
 .text.HAL_TIM_IRQHandler
                0x08004a30      0x23e stm32f7xx_hal_tim.o
                0x08004a30                HAL_TIM_IRQHandler
 .text.HAL_TIM_OC_DelayElapsedCallback
                0x08004c6e       0x14 stm32f7xx_hal_tim.o
                0x08004c6e                HAL_TIM_OC_DelayElapsedCallback
 .text.HAL_TIM_IC_CaptureCallback
                0x08004c82       0x14 stm32f7xx_hal_tim.o
                0x08004c82                HAL_TIM_IC_CaptureCallback
 .text.HAL_TIM_PWM_PulseFinishedCallback
                0x08004c96       0x14 stm32f7xx_hal_tim.o
                0x08004c96                HAL_TIM_PWM_PulseFinishedCallback
 .text.HAL_TIM_TriggerCallback
                0x08004caa       0x14 stm32f7xx_hal_tim.o
                0x08004caa                HAL_TIM_TriggerCallback
 *fill*         0x08004cbe        0x2 
 .text.TIM_Base_SetConfig
                0x08004cc0      0x140 stm32f7xx_hal_tim.o
                0x08004cc0                TIM_Base_SetConfig
 .text.HAL_TIMEx_CommutCallback
                0x08004e00       0x14 stm32f7xx_hal_tim_ex.o
                0x08004e00                HAL_TIMEx_CommutCallback
 .text.HAL_TIMEx_BreakCallback
                0x08004e14       0x14 stm32f7xx_hal_tim_ex.o
                0x08004e14                HAL_TIMEx_BreakCallback
 .text.HAL_TIMEx_Break2Callback
                0x08004e28       0x14 stm32f7xx_hal_tim_ex.o
                0x08004e28                HAL_TIMEx_Break2Callback
 .text.LL_GPIO_SetPinMode
                0x08004e3c       0x7a stm32f7xx_ll_gpio.o
 .text.LL_GPIO_SetPinOutputType
                0x08004eb6       0x30 stm32f7xx_ll_gpio.o
 .text.LL_GPIO_SetPinSpeed
                0x08004ee6       0x7a stm32f7xx_ll_gpio.o
 .text.LL_GPIO_SetPinPull
                0x08004f60       0x7a stm32f7xx_ll_gpio.o
 .text.LL_GPIO_SetAFPin_0_7
                0x08004fda       0x7a stm32f7xx_ll_gpio.o
 .text.LL_GPIO_SetAFPin_8_15
                0x08005054       0x7e stm32f7xx_ll_gpio.o
 .text.LL_GPIO_Init
                0x080050d2      0x104 stm32f7xx_ll_gpio.o
                0x080050d2                LL_GPIO_Init
 .text.LL_USART_IsEnabled
                0x080051d6       0x26 stm32f7xx_ll_usart.o
 .text.LL_USART_SetStopBitsLength
                0x080051fc       0x26 stm32f7xx_ll_usart.o
 .text.LL_USART_SetHWFlowCtrl
                0x08005222       0x26 stm32f7xx_ll_usart.o
 .text.LL_USART_SetBaudRate
                0x08005248       0x6e stm32f7xx_ll_usart.o
 *fill*         0x080052b6        0x2 
 .text.LL_USART_Init
                0x080052b8      0x140 stm32f7xx_ll_usart.o
                0x080052b8                LL_USART_Init
 .text.LL_RCC_HSI_IsReady
                0x080053f8       0x24 stm32f7xx_ll_rcc.o
 .text.LL_RCC_LSE_IsReady
                0x0800541c       0x24 stm32f7xx_ll_rcc.o
 .text.LL_RCC_GetSysClkSource
                0x08005440       0x1c stm32f7xx_ll_rcc.o
 .text.LL_RCC_GetAHBPrescaler
                0x0800545c       0x1c stm32f7xx_ll_rcc.o
 .text.LL_RCC_GetAPB1Prescaler
                0x08005478       0x1c stm32f7xx_ll_rcc.o
 .text.LL_RCC_GetAPB2Prescaler
                0x08005494       0x1c stm32f7xx_ll_rcc.o
 .text.LL_RCC_GetUSARTClockSource
                0x080054b0       0x28 stm32f7xx_ll_rcc.o
 .text.LL_RCC_GetUARTClockSource
                0x080054d8       0x28 stm32f7xx_ll_rcc.o
 .text.LL_RCC_PLL_GetMainSource
                0x08005500       0x1c stm32f7xx_ll_rcc.o
 .text.LL_RCC_PLL_GetN
                0x0800551c       0x1c stm32f7xx_ll_rcc.o
 .text.LL_RCC_PLL_GetP
                0x08005538       0x1c stm32f7xx_ll_rcc.o
 .text.LL_RCC_PLL_GetDivider
                0x08005554       0x1c stm32f7xx_ll_rcc.o
 .text.LL_RCC_GetUSARTClockFreq
                0x08005570      0x20c stm32f7xx_ll_rcc.o
                0x08005570                LL_RCC_GetUSARTClockFreq
 .text.LL_RCC_GetUARTClockFreq
                0x0800577c      0x210 stm32f7xx_ll_rcc.o
                0x0800577c                LL_RCC_GetUARTClockFreq
 .text.RCC_GetSystemClockFreq
                0x0800598c       0x50 stm32f7xx_ll_rcc.o
                0x0800598c                RCC_GetSystemClockFreq
 .text.RCC_GetHCLKClockFreq
                0x080059dc       0x2c stm32f7xx_ll_rcc.o
                0x080059dc                RCC_GetHCLKClockFreq
 .text.RCC_GetPCLK1ClockFreq
                0x08005a08       0x28 stm32f7xx_ll_rcc.o
                0x08005a08                RCC_GetPCLK1ClockFreq
 .text.RCC_GetPCLK2ClockFreq
                0x08005a30       0x28 stm32f7xx_ll_rcc.o
                0x08005a30                RCC_GetPCLK2ClockFreq
 .text.RCC_PLL_GetFreqDomain_SYS
                0x08005a58       0x6c stm32f7xx_ll_rcc.o
                0x08005a58                RCC_PLL_GetFreqDomain_SYS
 .text.LL_SetSystemCoreClock
                0x08005ac4       0x20 stm32f7xx_ll_utils.o
                0x08005ac4                LL_SetSystemCoreClock
 .text.LL_EXTI_EnableIT_0_31
                0x08005ae4       0x24 stm32f7xx_ll_exti.o
 .text.LL_EXTI_DisableIT_0_31
                0x08005b08       0x28 stm32f7xx_ll_exti.o
 .text.LL_EXTI_EnableEvent_0_31
                0x08005b30       0x24 stm32f7xx_ll_exti.o
 .text.LL_EXTI_DisableEvent_0_31
                0x08005b54       0x28 stm32f7xx_ll_exti.o
 .text.LL_EXTI_EnableRisingTrig_0_31
                0x08005b7c       0x24 stm32f7xx_ll_exti.o
 .text.LL_EXTI_DisableRisingTrig_0_31
                0x08005ba0       0x28 stm32f7xx_ll_exti.o
 .text.LL_EXTI_EnableFallingTrig_0_31
                0x08005bc8       0x24 stm32f7xx_ll_exti.o
 .text.LL_EXTI_DisableFallingTrig_0_31
                0x08005bec       0x28 stm32f7xx_ll_exti.o
 .text.LL_EXTI_Init
                0x08005c14       0xfe stm32f7xx_ll_exti.o
                0x08005c14                LL_EXTI_Init
 *fill*         0x08005d12        0x2 
 .text.HAL_RCC_GetHCLKFreq
                0x08005d14       0x18 stm32f7xx_hal_rcc.o
                0x08005d14                HAL_RCC_GetHCLKFreq
 .text.HAL_RCC_GetPCLK1Freq
                0x08005d2c       0x28 stm32f7xx_hal_rcc.o
                0x08005d2c                HAL_RCC_GetPCLK1Freq
 .text.HAL_RCC_GetClockConfig
                0x08005d54       0x64 stm32f7xx_hal_rcc.o
                0x08005d54                HAL_RCC_GetClockConfig
 .text.HAL_GPIO_Init
                0x08005db8      0x358 stm32f7xx_hal_gpio.o
                0x08005db8                HAL_GPIO_Init
 .text.__NVIC_SetPriorityGrouping
                0x08006110       0x48 stm32f7xx_hal_cortex.o
 .text.__NVIC_GetPriorityGrouping
                0x08006158       0x1c stm32f7xx_hal_cortex.o
 .text.__NVIC_EnableIRQ
                0x08006174       0x3c stm32f7xx_hal_cortex.o
 .text.__NVIC_SetPriority
                0x080061b0       0x54 stm32f7xx_hal_cortex.o
 .text.NVIC_EncodePriority
                0x08006204       0x66 stm32f7xx_hal_cortex.o
 .text.HAL_NVIC_SetPriorityGrouping
                0x0800626a       0x16 stm32f7xx_hal_cortex.o
                0x0800626a                HAL_NVIC_SetPriorityGrouping
 .text.HAL_NVIC_SetPriority
                0x08006280       0x38 stm32f7xx_hal_cortex.o
                0x08006280                HAL_NVIC_SetPriority
 .text.HAL_NVIC_EnableIRQ
                0x080062b8       0x1c stm32f7xx_hal_cortex.o
                0x080062b8                HAL_NVIC_EnableIRQ
 .text.HAL_Init
                0x080062d4       0x1a stm32f7xx_hal.o
                0x080062d4                HAL_Init
 *fill*         0x080062ee        0x2 
 .text.HAL_IncTick
                0x080062f0       0x28 stm32f7xx_hal.o
                0x080062f0                HAL_IncTick
 .text.HAL_GetTick
                0x08006318       0x18 stm32f7xx_hal.o
                0x08006318                HAL_GetTick
 .text.HAL_Delay
                0x08006330       0x48 stm32f7xx_hal.o
                0x08006330                HAL_Delay
 .text.HAL_PCD_Init
                0x08006378      0x248 stm32f7xx_hal_pcd.o
                0x08006378                HAL_PCD_Init
 .text.HAL_PCDEx_ActivateLPM
                0x080065c0       0x48 stm32f7xx_hal_pcd_ex.o
                0x080065c0                HAL_PCDEx_ActivateLPM
 .text.USB_CoreInit
                0x08006608       0xb0 stm32f7xx_ll_usb.o
                0x08006608                USB_CoreInit
 .text.USB_DisableGlobalInt
                0x080066b8       0x22 stm32f7xx_ll_usb.o
                0x080066b8                USB_DisableGlobalInt
 .text.USB_SetCurrentMode
                0x080066da       0x98 stm32f7xx_ll_usb.o
                0x080066da                USB_SetCurrentMode
 *fill*         0x08006772        0x2 
 .text.USB_DevInit
                0x08006774      0x2bc stm32f7xx_ll_usb.o
                0x08006774                USB_DevInit
 .text.USB_FlushTxFifo
                0x08006a30       0x64 stm32f7xx_ll_usb.o
                0x08006a30                USB_FlushTxFifo
 .text.USB_FlushRxFifo
                0x08006a94       0x5c stm32f7xx_ll_usb.o
                0x08006a94                USB_FlushRxFifo
 .text.USB_SetDevSpeed
                0x08006af0       0x32 stm32f7xx_ll_usb.o
                0x08006af0                USB_SetDevSpeed
 .text.USB_DevDisconnect
                0x08006b22       0x42 stm32f7xx_ll_usb.o
                0x08006b22                USB_DevDisconnect
 .text.USB_GetMode
                0x08006b64       0x1c stm32f7xx_ll_usb.o
                0x08006b64                USB_GetMode
 .text.USB_CoreReset
                0x08006b80       0x64 stm32f7xx_ll_usb.o
 .text.SystemInit
                0x08006be4       0x24 system_stm32f7xx.o
                0x08006be4                SystemInit
 .text.Reset_Handler
                0x08006c08       0x50 startup_stm32f767zitx.o
                0x08006c08                Reset_Handler
 .text.Default_Handler
                0x08006c58        0x2 startup_stm32f767zitx.o
                0x08006c58                RTC_Alarm_IRQHandler
                0x08006c58                EXTI2_IRQHandler
                0x08006c58                TIM8_CC_IRQHandler
                0x08006c58                UART8_IRQHandler
                0x08006c58                SPI4_IRQHandler
                0x08006c58                TIM1_CC_IRQHandler
                0x08006c58                DMA2_Stream5_IRQHandler
                0x08006c58                JPEG_IRQHandler
                0x08006c58                DMA1_Stream5_IRQHandler
                0x08006c58                CAN3_RX1_IRQHandler
                0x08006c58                PVD_IRQHandler
                0x08006c58                TAMP_STAMP_IRQHandler
                0x08006c58                CAN2_RX1_IRQHandler
                0x08006c58                EXTI3_IRQHandler
                0x08006c58                TIM8_TRG_COM_TIM14_IRQHandler
                0x08006c58                DFSDM1_FLT1_IRQHandler
                0x08006c58                TIM1_UP_TIM10_IRQHandler
                0x08006c58                TIM8_UP_TIM13_IRQHandler
                0x08006c58                I2C3_ER_IRQHandler
                0x08006c58                DFSDM1_FLT2_IRQHandler
                0x08006c58                EXTI0_IRQHandler
                0x08006c58                I2C2_EV_IRQHandler
                0x08006c58                DMA1_Stream2_IRQHandler
                0x08006c58                CAN1_RX0_IRQHandler
                0x08006c58                FPU_IRQHandler
                0x08006c58                OTG_HS_WKUP_IRQHandler
                0x08006c58                CAN3_SCE_IRQHandler
                0x08006c58                LTDC_ER_IRQHandler
                0x08006c58                CAN2_SCE_IRQHandler
                0x08006c58                DMA2_Stream2_IRQHandler
                0x08006c58                SPI1_IRQHandler
                0x08006c58                TIM6_DAC_IRQHandler
                0x08006c58                TIM1_BRK_TIM9_IRQHandler
                0x08006c58                DCMI_IRQHandler
                0x08006c58                CAN2_RX0_IRQHandler
                0x08006c58                DMA2_Stream3_IRQHandler
                0x08006c58                SAI2_IRQHandler
                0x08006c58                DFSDM1_FLT3_IRQHandler
                0x08006c58                USART6_IRQHandler
                0x08006c58                CAN3_RX0_IRQHandler
                0x08006c58                CAN1_RX1_IRQHandler
                0x08006c58                UART5_IRQHandler
                0x08006c58                DMA2_Stream0_IRQHandler
                0x08006c58                TIM4_IRQHandler
                0x08006c58                QUADSPI_IRQHandler
                0x08006c58                I2C1_EV_IRQHandler
                0x08006c58                DMA1_Stream6_IRQHandler
                0x08006c58                UART4_IRQHandler
                0x08006c58                TIM3_IRQHandler
                0x08006c58                RCC_IRQHandler
                0x08006c58                TIM8_BRK_TIM12_IRQHandler
                0x08006c58                Default_Handler
                0x08006c58                CEC_IRQHandler
                0x08006c58                EXTI15_10_IRQHandler
                0x08006c58                ADC_IRQHandler
                0x08006c58                DMA1_Stream7_IRQHandler
                0x08006c58                SPI5_IRQHandler
                0x08006c58                TIM7_IRQHandler
                0x08006c58                SDMMC1_IRQHandler
                0x08006c58                CAN2_TX_IRQHandler
                0x08006c58                DMA2_Stream7_IRQHandler
                0x08006c58                I2C3_EV_IRQHandler
                0x08006c58                EXTI9_5_IRQHandler
                0x08006c58                RTC_WKUP_IRQHandler
                0x08006c58                LTDC_IRQHandler
                0x08006c58                ETH_WKUP_IRQHandler
                0x08006c58                SPDIF_RX_IRQHandler
                0x08006c58                SPI2_IRQHandler
                0x08006c58                OTG_HS_EP1_IN_IRQHandler
                0x08006c58                DMA1_Stream0_IRQHandler
                0x08006c58                CAN1_TX_IRQHandler
                0x08006c58                EXTI4_IRQHandler
                0x08006c58                RNG_IRQHandler
                0x08006c58                ETH_IRQHandler
                0x08006c58                OTG_HS_EP1_OUT_IRQHandler
                0x08006c58                WWDG_IRQHandler
                0x08006c58                SPI6_IRQHandler
                0x08006c58                MDIOS_IRQHandler
                0x08006c58                I2C4_EV_IRQHandler
                0x08006c58                CAN3_TX_IRQHandler
                0x08006c58                TIM2_IRQHandler
                0x08006c58                OTG_FS_WKUP_IRQHandler
                0x08006c58                TIM1_TRG_COM_TIM11_IRQHandler
                0x08006c58                OTG_HS_IRQHandler
                0x08006c58                DMA2D_IRQHandler
                0x08006c58                EXTI1_IRQHandler
                0x08006c58                SDMMC2_IRQHandler
                0x08006c58                UART7_IRQHandler
                0x08006c58                USART2_IRQHandler
                0x08006c58                DFSDM1_FLT0_IRQHandler
                0x08006c58                I2C2_ER_IRQHandler
                0x08006c58                DMA2_Stream1_IRQHandler
                0x08006c58                CAN1_SCE_IRQHandler
                0x08006c58                FLASH_IRQHandler
                0x08006c58                DMA2_Stream4_IRQHandler
                0x08006c58                USART1_IRQHandler
                0x08006c58                OTG_FS_IRQHandler
                0x08006c58                SPI3_IRQHandler
                0x08006c58                DMA1_Stream4_IRQHandler
                0x08006c58                I2C1_ER_IRQHandler
                0x08006c58                FMC_IRQHandler
                0x08006c58                LPTIM1_IRQHandler
                0x08006c58                I2C4_ER_IRQHandler
                0x08006c58                DMA2_Stream6_IRQHandler
                0x08006c58                SAI1_IRQHandler
                0x08006c58                DMA1_Stream3_IRQHandler
 *fill*         0x08006c5a        0x2 
 .text.xilUploadProfilingData
                0x08006c5c       0x20 xil_instrumentation.o
                0x08006c5c                xilUploadProfilingData
 .text.taskTimeStart_ctrl_ez
                0x08006c7c       0x24 xil_instrumentation.o
                0x08006c7c                taskTimeStart_ctrl_ez
 .text.taskTimeEnd_ctrl_ez
                0x08006ca0       0x40 xil_instrumentation.o
                0x08006ca0                taskTimeEnd_ctrl_ez
 .text.resetCodeInstrWriteBuffer
                0x08006ce0       0x60 codeinstr_data_stream.o
 .text.codeInstrInit
                0x08006d40       0x20 codeinstr_data_stream.o
                0x08006d40                codeInstrInit
 .text.codeInstrTerminate
                0x08006d60        0xc codeinstr_data_stream.o
                0x08006d60                codeInstrTerminate
 .text.sendWriteBuffer
                0x08006d6c       0x44 codeinstr_data_stream.o
 .text.codeInstrWriteData
                0x08006db0       0x9c codeinstr_data_stream.o
                0x08006db0                codeInstrWriteData
 .text.codeInstrDataFlush
                0x08006e4c       0x24 codeinstr_data_stream.o
                0x08006e4c                codeInstrDataFlush
 .text.codeInstrTgtAppSvcCreate
                0x08006e70       0x10 codeinstr_rtiostream.o
                0x08006e70                codeInstrTgtAppSvcCreate
 .text.codeInstrTgtAppSvcDestroy
                0x08006e80        0xe codeinstr_rtiostream.o
                0x08006e80                codeInstrTgtAppSvcDestroy
 *fill*         0x08006e8e        0x2 
 .text.codeInstrTgtAppSvcAllocBuffer
                0x08006e90       0x24 codeinstr_rtiostream.o
                0x08006e90                codeInstrTgtAppSvcAllocBuffer
 .text.codeInstrTgtAppSvcGetBufferDataPtr
                0x08006eb4       0x1c codeinstr_rtiostream.o
                0x08006eb4                codeInstrTgtAppSvcGetBufferDataPtr
 .text.codeInstrTgtAppSvcSend
                0x08006ed0       0x24 codeinstr_rtiostream.o
                0x08006ed0                codeInstrTgtAppSvcSend
 .text.profileTimerRead
                0x08006ef4       0x70 profiler_timer.o
                0x08006ef4                profileTimerRead
 .text.SysTick_Handler
                0x08006f64       0x20 profiler_timer.o
                0x08006f64                SysTick_Handler
 .text.ctrl_ez_IfActionSubsystem
                0x08006f84       0x40 ../../../../slprj/ert/ctrl_ez/instrumented/ctrl_ez_rtwlib.lib(ctrl_ez.o)
                0x08006f84                ctrl_ez_IfActionSubsystem
 .text.ctrl_ez_IfActionSubsystem1
                0x08006fc4       0x3c ../../../../slprj/ert/ctrl_ez/instrumented/ctrl_ez_rtwlib.lib(ctrl_ez.o)
                0x08006fc4                ctrl_ez_IfActionSubsystem1
 .text.ctrl_ez_Init
                0x08007000       0x30 ../../../../slprj/ert/ctrl_ez/instrumented/ctrl_ez_rtwlib.lib(ctrl_ez.o)
                0x08007000                ctrl_ez_Init
 .text.ctrl_ez_trigger_ctrl_ez
                0x08007030      0xf24 ../../../../slprj/ert/ctrl_ez/instrumented/ctrl_ez_rtwlib.lib(ctrl_ez.o)
                0x08007030                ctrl_ez_trigger_ctrl_ez
 .text.intrp1d_fu32fl
                0x08007f54       0x4e C:/Users/Angel/Desktop/hil/pfc3ph/stf7/matlab/slprj/ert/_sharedutils/rtwshared.lib(intrp1d_fu32fl.o)
                0x08007f54                intrp1d_fu32fl
 .text.plook_u32ff_evenc
                0x08007fa2       0xd4 C:/Users/Angel/Desktop/hil/pfc3ph/stf7/matlab/slprj/ert/_sharedutils/rtwshared.lib(plook_u32ff_evenc.o)
                0x08007fa2                plook_u32ff_evenc
 *fill*         0x08008076        0x2 
 .text.ctrl_ez_caRunTests
                0x08008078       0x2c C:/Users/Angel/Desktop/hil/pfc3ph/stf7/matlab/slprj/ert/ctrl_ez/coderassumptions/lib/ctrl_ez_ca.lib(ctrl_ez_ca.o)
                0x08008078                ctrl_ez_caRunTests
 .text.numBits  0x080080a4       0x44 C:/Users/Angel/Desktop/hil/pfc3ph/stf7/matlab/slprj/ert/ctrl_ez/coderassumptions/lib/ctrl_ez_ca.lib(coder_assumptions_hwimpl.o)
 .text.getBitsPerMemUnit
                0x080080e8       0x20 C:/Users/Angel/Desktop/hil/pfc3ph/stf7/matlab/slprj/ert/ctrl_ez/coderassumptions/lib/ctrl_ez_ca.lib(coder_assumptions_hwimpl.o)
 .text.getCPUInfo
                0x08008108      0x234 C:/Users/Angel/Desktop/hil/pfc3ph/stf7/matlab/slprj/ert/ctrl_ez/coderassumptions/lib/ctrl_ez_ca.lib(coder_assumptions_hwimpl.o)
 .text.testPass
                0x0800833c       0x30 C:/Users/Angel/Desktop/hil/pfc3ph/stf7/matlab/slprj/ert/ctrl_ez/coderassumptions/lib/ctrl_ez_ca.lib(coder_assumptions_hwimpl.o)
 .text.testFail
                0x0800836c       0x30 C:/Users/Angel/Desktop/hil/pfc3ph/stf7/matlab/slprj/ert/ctrl_ez/coderassumptions/lib/ctrl_ez_ca.lib(coder_assumptions_hwimpl.o)
 .text.testWarn
                0x0800839c       0x30 C:/Users/Angel/Desktop/hil/pfc3ph/stf7/matlab/slprj/ert/ctrl_ez/coderassumptions/lib/ctrl_ez_ca.lib(coder_assumptions_hwimpl.o)
 .text.testSkip
                0x080083cc       0x30 C:/Users/Angel/Desktop/hil/pfc3ph/stf7/matlab/slprj/ert/ctrl_ez/coderassumptions/lib/ctrl_ez_ca.lib(coder_assumptions_hwimpl.o)
 .text.testReview
                0x080083fc       0x30 C:/Users/Angel/Desktop/hil/pfc3ph/stf7/matlab/slprj/ert/ctrl_ez/coderassumptions/lib/ctrl_ez_ca.lib(coder_assumptions_hwimpl.o)
 .text.runTest  0x0800842c       0x42 C:/Users/Angel/Desktop/hil/pfc3ph/stf7/matlab/slprj/ert/ctrl_ez/coderassumptions/lib/ctrl_ez_ca.lib(coder_assumptions_hwimpl.o)
 .text.caVerifyPortableWordSizes
                0x0800846e       0x58 C:/Users/Angel/Desktop/hil/pfc3ph/stf7/matlab/slprj/ert/ctrl_ez/coderassumptions/lib/ctrl_ez_ca.lib(coder_assumptions_hwimpl.o)
                0x0800846e                caVerifyPortableWordSizes
 *fill*         0x080084c6        0x2 
 .text.caVerifyHWImpl
                0x080084c8      0x468 C:/Users/Angel/Desktop/hil/pfc3ph/stf7/matlab/slprj/ert/ctrl_ez/coderassumptions/lib/ctrl_ez_ca.lib(coder_assumptions_hwimpl.o)
                0x080084c8                caVerifyHWImpl
 .text.floorf   0x08008930       0x94 C:/ProgramData/MATLAB/SupportPackages/R2024b/3P.instrset/gnuarm-armcortex.instrset/win/bin/../lib/gcc/arm-none-eabi/13.2.1/thumb/v7e-m+dp/hard\libm.a(libm_a-sf_floor.o)
                0x08008930                floorf
 .text.__libc_init_array
                0x080089c4       0x48 C:/ProgramData/MATLAB/SupportPackages/R2024b/3P.instrset/gnuarm-armcortex.instrset/win/bin/../lib/gcc/arm-none-eabi/13.2.1/thumb/v7e-m+dp/hard\libc_nano.a(libc_a-init.o)
                0x080089c4                __libc_init_array
 .text.memcpy   0x08008a0c       0x1c C:/ProgramData/MATLAB/SupportPackages/R2024b/3P.instrset/gnuarm-armcortex.instrset/win/bin/../lib/gcc/arm-none-eabi/13.2.1/thumb/v7e-m+dp/hard\libc_nano.a(libc_a-memcpy-stub.o)
                0x08008a0c                memcpy
 *(.glue_7)
 .glue_7        0x08008a28        0x0 linker stubs
 *(.glue_7t)
 .glue_7t       0x08008a28        0x0 linker stubs
 *(.eh_frame)
 .eh_frame      0x08008a28        0x0 C:/ProgramData/MATLAB/SupportPackages/R2024b/3P.instrset/gnuarm-armcortex.instrset/win/bin/../lib/gcc/arm-none-eabi/13.2.1/thumb/v7e-m+dp/hard/crtbegin.o
 *(.init)
 .init          0x08008a28        0x4 C:/ProgramData/MATLAB/SupportPackages/R2024b/3P.instrset/gnuarm-armcortex.instrset/win/bin/../lib/gcc/arm-none-eabi/13.2.1/thumb/v7e-m+dp/hard/crti.o
                0x08008a28                _init
 .init          0x08008a2c        0x8 C:/ProgramData/MATLAB/SupportPackages/R2024b/3P.instrset/gnuarm-armcortex.instrset/win/bin/../lib/gcc/arm-none-eabi/13.2.1/thumb/v7e-m+dp/hard/crtn.o
 *(.fini)
 .fini          0x08008a34        0x4 C:/ProgramData/MATLAB/SupportPackages/R2024b/3P.instrset/gnuarm-armcortex.instrset/win/bin/../lib/gcc/arm-none-eabi/13.2.1/thumb/v7e-m+dp/hard/crti.o
                0x08008a34                _fini
 .fini          0x08008a38        0x8 C:/ProgramData/MATLAB/SupportPackages/R2024b/3P.instrset/gnuarm-armcortex.instrset/win/bin/../lib/gcc/arm-none-eabi/13.2.1/thumb/v7e-m+dp/hard/crtn.o
                0x08008a40                        . = ALIGN (0x4)
                0x08008a40                        _etext = .

.vfp11_veneer   0x08008a40        0x0
 .vfp11_veneer  0x08008a40        0x0 linker stubs

.v4_bx          0x08008a40        0x0
 .v4_bx         0x08008a40        0x0 linker stubs

.iplt           0x08008a40        0x0
 .iplt          0x08008a40        0x0 C:/ProgramData/MATLAB/SupportPackages/R2024b/3P.instrset/gnuarm-armcortex.instrset/win/bin/../lib/gcc/arm-none-eabi/13.2.1/thumb/v7e-m+dp/hard/crtbegin.o

.rodata         0x08008a40     0x10c8
                0x08008a40                        . = ALIGN (0x4)
 *(.rodata)
 .rodata        0x08008a40       0x21 C:/Users/Angel/Desktop/hil/pfc3ph/stf7/matlab/slprj/ert/ctrl_ez/coderassumptions/lib/ctrl_ez_ca.lib(ctrl_ez_ca.o)
 *(.rodata*)
 *fill*         0x08008a61        0x3 
 .rodata.STREAM_OFFSET_TAB
                0x08008a64        0x8 stm_usart.o
 .rodata.STREAM_OFFSET_TAB
                0x08008a6c        0x8 main.o
 .rodata.AHBPrescTable
                0x08008a74       0x10 system_stm32f7xx.o
                0x08008a74                AHBPrescTable
 .rodata.APBPrescTable
                0x08008a84        0x8 system_stm32f7xx.o
                0x08008a84                APBPrescTable
 .rodata.tableData_c.0
                0x08008a8c       0x40 ../../../../slprj/ert/ctrl_ez/instrumented/ctrl_ez_rtwlib.lib(ctrl_ez.o)
 .rodata.rtCP_pooled_7x7Hr3MX2jW3
                0x08008acc      0xfa8 C:/Users/Angel/Desktop/hil/pfc3ph/stf7/matlab/slprj/ert/_sharedutils/rtwshared.lib(const_params.o)
                0x08008acc                rtCP_pooled_7x7Hr3MX2jW3
 .rodata.rtCP_pooled_c9mIltOBYHuW
                0x08009a74       0x48 C:/Users/Angel/Desktop/hil/pfc3ph/stf7/matlab/slprj/ert/_sharedutils/rtwshared.lib(const_params.o)
                0x08009a74                rtCP_pooled_c9mIltOBYHuW
 .rodata.CA_ctrl_ez_ExpHW
                0x08009abc       0x4c C:/Users/Angel/Desktop/hil/pfc3ph/stf7/matlab/slprj/ert/ctrl_ez/coderassumptions/lib/ctrl_ez_ca.lib(ctrl_ez_ca.o)
                0x08009abc                CA_ctrl_ez_ExpHW
                0x08009b08                        . = ALIGN (0x4)

.ARM.extab      0x08009b08        0x0
                0x08009b08                        . = ALIGN (0x4)
 *(.ARM.extab* .gnu.linkonce.armextab.*)
                0x08009b08                        . = ALIGN (0x4)

.ARM            0x08009b08        0x0
                0x08009b08                        . = ALIGN (0x4)
                0x08009b08                        __exidx_start = .
 *(.ARM.exidx*)
                0x08009b08                        __exidx_end = .
                0x08009b08                        . = ALIGN (0x4)

.preinit_array  0x08009b08        0x0
                0x08009b08                        . = ALIGN (0x4)
                0x08009b08                        PROVIDE (__preinit_array_start = .)
 *(.preinit_array*)
                0x08009b08                        PROVIDE (__preinit_array_end = .)
                0x08009b08                        . = ALIGN (0x4)

.init_array     0x08009b08        0x4
                0x08009b08                        . = ALIGN (0x4)
                0x08009b08                        PROVIDE (__init_array_start = .)
 *(SORT_BY_NAME(.init_array.*))
 *(.init_array*)
 .init_array    0x08009b08        0x4 C:/ProgramData/MATLAB/SupportPackages/R2024b/3P.instrset/gnuarm-armcortex.instrset/win/bin/../lib/gcc/arm-none-eabi/13.2.1/thumb/v7e-m+dp/hard/crtbegin.o
                0x08009b0c                        PROVIDE (__init_array_end = .)
                0x08009b0c                        . = ALIGN (0x4)

.fini_array     0x08009b0c        0x4
                0x08009b0c                        . = ALIGN (0x4)
                [!provide]                        PROVIDE (__fini_array_start = .)
 *(SORT_BY_NAME(.fini_array.*))
 *(.fini_array*)
 .fini_array    0x08009b0c        0x4 C:/ProgramData/MATLAB/SupportPackages/R2024b/3P.instrset/gnuarm-armcortex.instrset/win/bin/../lib/gcc/arm-none-eabi/13.2.1/thumb/v7e-m+dp/hard/crtbegin.o
                [!provide]                        PROVIDE (__fini_array_end = .)
                0x08009b10                        . = ALIGN (0x4)
                0x08009b10                        _sidata = LOADADDR (.data)

.rel.dyn        0x08009b10        0x0
 .rel.iplt      0x08009b10        0x0 C:/ProgramData/MATLAB/SupportPackages/R2024b/3P.instrset/gnuarm-armcortex.instrset/win/bin/../lib/gcc/arm-none-eabi/13.2.1/thumb/v7e-m+dp/hard/crtbegin.o

.data           0x20000000       0xb8 load address 0x08009b10
                0x20000000                        . = ALIGN (0x4)
                0x20000000                        _sdata = .
 *(.data)
 *(.data*)
 .data.processMsgSuccess
                0x20000000        0x4 xil_interface_lib.o
 .data.uartObj  0x20000004       0x40 rtiostream_serial.o
                0x20000004                uartObj
 .data.uwTickFreq
                0x20000044        0x1 stm32f7xx_hal.o
                0x20000044                uwTickFreq
 *fill*         0x20000045        0x3 
 .data.SystemCoreClock
                0x20000048        0x4 system_stm32f7xx.o
                0x20000048                SystemCoreClock
 .data.SYSTICK_RELOAD
                0x2000004c        0x4 profiler_timer.o
                0x2000004c                SYSTICK_RELOAD
 .data.SYSTICK_CURRENT
                0x20000050        0x4 profiler_timer.o
                0x20000050                SYSTICK_CURRENT
 .data.SYSTICK_CTRL
                0x20000054        0x4 profiler_timer.o
                0x20000054                SYSTICK_CTRL
 .data.CA_ctrl_ez_ActHW
                0x20000058       0x4c C:/Users/Angel/Desktop/hil/pfc3ph/stf7/matlab/slprj/ert/ctrl_ez/coderassumptions/lib/ctrl_ez_ca.lib(ctrl_ez_ca.o)
                0x20000058                CA_ctrl_ez_ActHW
 *fill*         0x200000a4        0x4 
 .data.realmin  0x200000a8        0x8 C:/Users/Angel/Desktop/hil/pfc3ph/stf7/matlab/slprj/ert/ctrl_ez/coderassumptions/lib/ctrl_ez_ca.lib(coder_assumptions_hwimpl.o)
 .data.denormalAsZero
                0x200000b0        0x8 C:/Users/Angel/Desktop/hil/pfc3ph/stf7/matlab/slprj/ert/ctrl_ez/coderassumptions/lib/ctrl_ez_ca.lib(coder_assumptions_flt.o)
                0x200000b0                denormalAsZero
 *(.RamFunc)
 *(.RamFunc*)
                0x200000b8                        . = ALIGN (0x4)
                0x200000b8                        _edata = .

.tm_clone_table
                0x200000b8        0x0 load address 0x08009bc8
 .tm_clone_table
                0x200000b8        0x0 C:/ProgramData/MATLAB/SupportPackages/R2024b/3P.instrset/gnuarm-armcortex.instrset/win/bin/../lib/gcc/arm-none-eabi/13.2.1/thumb/v7e-m+dp/hard/crtbegin.o
 .tm_clone_table
                0x200000b8        0x0 C:/ProgramData/MATLAB/SupportPackages/R2024b/3P.instrset/gnuarm-armcortex.instrset/win/bin/../lib/gcc/arm-none-eabi/13.2.1/thumb/v7e-m+dp/hard/crtend.o

.igot.plt       0x200000b8        0x0 load address 0x08009bc8
 .igot.plt      0x200000b8        0x0 C:/ProgramData/MATLAB/SupportPackages/R2024b/3P.instrset/gnuarm-armcortex.instrset/win/bin/../lib/gcc/arm-none-eabi/13.2.1/thumb/v7e-m+dp/hard/crtbegin.o
                0x200000b8                        . = ALIGN (0x4)

.bss            0x200000b8      0xbc4 load address 0x08009bc8
                0x200000b8                        _sbss = .
                0x200000b8                        __bss_start__ = _sbss
 *(.bss)
 *(.bss*)
 .bss.completed.1
                0x200000b8        0x1 C:/ProgramData/MATLAB/SupportPackages/R2024b/3P.instrset/gnuarm-armcortex.instrset/win/bin/../lib/gcc/arm-none-eabi/13.2.1/thumb/v7e-m+dp/hard/crtbegin.o
 *fill*         0x200000b9        0x3 
 .bss.object.0  0x200000bc       0x18 C:/ProgramData/MATLAB/SupportPackages/R2024b/3P.instrset/gnuarm-armcortex.instrset/win/bin/../lib/gcc/arm-none-eabi/13.2.1/thumb/v7e-m+dp/hard/crtbegin.o
 .bss.xilIODataPtr
                0x200000d4        0x4 xil_interface_lib.o
 .bss.isShutdownCommand
                0x200000d8        0x4 xil_interface_lib.o
 .bss.cc        0x200000dc        0xc xil_interface_lib.o
 .bss.uDataAddress.1
                0x200000e8        0x4 xil_interface_lib.o
 .bss.uDataLength.0
                0x200000ec        0x4 xil_interface_lib.o
 .bss.pBuffer   0x200000f0        0x4 xil_data_stream.o
 .bss.xilWriteDataPtr
                0x200000f4        0x4 xil_data_stream.o
 .bss.xilWriteDataAvail
                0x200000f8        0x2 xil_data_stream.o
 *fill*         0x200000fa        0x2 
 .bss.commandResponseType
                0x200000fc        0x4 xil_data_stream.o
 .bss.currentBufSize.1
                0x20000100        0x2 xil_data_stream.o
 *fill*         0x20000102        0x2 
 .bss.currentBufferPosition.0
                0x20000104        0x4 xil_data_stream.o
 .bss.i_ia      0x20000108        0x4 xil_interface.o
                0x20000108                i_ia
 .bss.i_ib      0x2000010c        0x4 xil_interface.o
                0x2000010c                i_ib
 .bss.i_ic      0x20000110        0x4 xil_interface.o
                0x20000110                i_ic
 .bss.i_ov_out  0x20000114        0x4 xil_interface.o
                0x20000114                i_ov_out
 .bss.i_w       0x20000118        0x4 xil_interface.o
                0x20000118                i_w
 .bss.i_lock_pll
                0x2000011c        0x4 xil_interface.o
                0x2000011c                i_lock_pll
 .bss.i_sine    0x20000120        0x4 xil_interface.o
                0x20000120                i_sine
 .bss.i_cos_p   0x20000124        0x4 xil_interface.o
                0x20000124                i_cos_p
 .bss.i_va      0x20000128        0x4 xil_interface.o
                0x20000128                i_va
 .bss.i_vc      0x2000012c        0x4 xil_interface.o
                0x2000012c                i_vc
 .bss.i_vb      0x20000130        0x4 xil_interface.o
                0x20000130                i_vb
 .bss.o_o_Qa    0x20000134        0x4 xil_interface.o
                0x20000134                o_o_Qa
 .bss.o_Qb      0x20000138        0x4 xil_interface.o
                0x20000138                o_Qb
 .bss.o_Qc      0x2000013c        0x4 xil_interface.o
                0x2000013c                o_Qc
 .bss.o_lock    0x20000140        0x1 xil_interface.o
                0x20000140                o_lock
 *fill*         0x20000141        0x3 
 .bss.xil_fcnid0_task1_output_u
                0x20000144       0x60 xil_interface.o
 .bss.xil_fcnid0_task1_y
                0x200001a4       0x28 xil_interface.o
 .bss.xil_fcnid0_system_initialize_y
                0x200001cc       0x28 xil_interface.o
 .bss.initComplete.2
                0x200001f4        0x4 xil_interface.o
 .bss.initComplete.1
                0x200001f8        0x4 xil_interface.o
 .bss.initComplete.0
                0x200001fc        0x4 xil_interface.o
 .bss.streamID  0x20000200        0x4 xilcomms_rtiostream.o
 .bss.xilCommsBuffer
                0x20000204       0x85 xilcomms_rtiostream.o
 *fill*         0x20000289        0x3 
 .bss.xilWriteBuffer
                0x2000028c       0x46 xil_rtiostream.o
 .bss.pwsEnabled
                0x200002d2        0x1 coder_assumptions_app.o
 *fill*         0x200002d3        0x1 
 .bss.pBuffer   0x200002d4        0x4 coder_assumptions_data_stream.o
 .bss.coderAssumptionsWriteDataPtr
                0x200002d8        0x4 coder_assumptions_data_stream.o
 .bss.coderAssumptionsWriteDataAvail
                0x200002dc        0x2 coder_assumptions_data_stream.o
 *fill*         0x200002de        0x2 
 .bss.coderAssumpWriteBuffer
                0x200002e0       0x20 coder_assumptions_rtiostream.o
 .bss.mw_ext_h  0x20000300        0x4 rtiostream_serial.o
                0x20000300                mw_ext_h
 .bss.UARTRxBuffer
                0x20000304        0x4 rtiostream_serial.o
                0x20000304                UARTRxBuffer
 .bss.mw_usart3
                0x20000308       0x40 stm_usart.o
                0x20000308                mw_usart3
 .bss.USART3ReceiveBuffer
                0x20000348      0x400 stm_usart.o
                0x20000348                USART3ReceiveBuffer
 .bss.hpcd_USB_OTG_FS
                0x20000748      0x404 main.o
                0x20000748                hpcd_USB_OTG_FS
 .bss.htim5     0x20000b4c       0x4c stm32f7xx_hal_timebase_tim.o
                0x20000b4c                htim5
 .bss.uwTick    0x20000b98        0x4 stm32f7xx_hal.o
                0x20000b98                uwTick
 .bss.xsd_xil_timer_corrected
                0x20000b9c        0x4 xil_instrumentation.o
 .bss.xsd_xil_timer_unfreeze
                0x20000ba0        0x4 xil_instrumentation.o
 .bss.pBuffer   0x20000ba4        0x4 codeinstr_data_stream.o
 .bss.codeInstrWriteBuffer
                0x20000ba8        0x4 codeinstr_data_stream.o
 .bss.codeInstrWriteDataPtr
                0x20000bac        0x4 codeinstr_data_stream.o
 .bss.codeInstrWriteDataAvail
                0x20000bb0        0x2 codeinstr_data_stream.o
 *fill*         0x20000bb2        0x2 
 .bss.commandComplete
                0x20000bb4        0x4 codeinstr_data_stream.o
 .bss.codeInstrWriteBuffer
                0x20000bb8       0x46 codeinstr_rtiostream.o
 .bss.initTimer
                0x20000bfe        0x1 profiler_timer.o
                0x20000bfe                initTimer
 *fill*         0x20000bff        0x1 
 .bss.sysTickZeroCount
                0x20000c00        0x4 profiler_timer.o
                0x20000c00                sysTickZeroCount
 .bss.filter_IA
                0x20000c04        0x4 ../../../../slprj/ert/ctrl_ez/instrumented/ctrl_ez_rtwlib.lib(ctrl_ez.o)
                0x20000c04                filter_IA
 .bss.filter_IB
                0x20000c08        0x4 ../../../../slprj/ert/ctrl_ez/instrumented/ctrl_ez_rtwlib.lib(ctrl_ez.o)
                0x20000c08                filter_IB
 .bss.filter_IC
                0x20000c0c        0x4 ../../../../slprj/ert/ctrl_ez/instrumented/ctrl_ez_rtwlib.lib(ctrl_ez.o)
                0x20000c0c                filter_IC
 .bss.ctrl_ez_DW
                0x20000c10       0x40 ../../../../slprj/ert/ctrl_ez/instrumented/ctrl_ez_rtwlib.lib(ctrl_ez.o)
                0x20000c10                ctrl_ez_DW
 .bss.CA_ctrl_ez_HWRes
                0x20000c50       0x24 C:/Users/Angel/Desktop/hil/pfc3ph/stf7/matlab/slprj/ert/ctrl_ez/coderassumptions/lib/ctrl_ez_ca.lib(ctrl_ez_ca.o)
                0x20000c50                CA_ctrl_ez_HWRes
 .bss.CA_ctrl_ez_PWSRes
                0x20000c74        0x2 C:/Users/Angel/Desktop/hil/pfc3ph/stf7/matlab/slprj/ert/ctrl_ez/coderassumptions/lib/ctrl_ez_ca.lib(ctrl_ez_ca.o)
                0x20000c74                CA_ctrl_ez_PWSRes
 *fill*         0x20000c76        0x2 
 .bss.aGlobalInt
                0x20000c78        0x4 C:/Users/Angel/Desktop/hil/pfc3ph/stf7/matlab/slprj/ert/ctrl_ez/coderassumptions/lib/ctrl_ez_ca.lib(coder_assumptions_hwimpl.o)
                0x20000c78                aGlobalInt
 *(COMMON)
                0x20000c7c                        . = ALIGN (0x4)
                0x20000c7c                        _ebss = .
                0x20000c7c                        __bss_end__ = _ebss

._user_heap_stack
                0x20000c7c      0x604 load address 0x08009bc8
                0x20000c80                        . = ALIGN (0x8)
 *fill*         0x20000c7c        0x4 
                [!provide]                        PROVIDE (end = .)
                0x20000c80                        PROVIDE (_end = .)
                0x20000e80                        . = (. + _Min_Heap_Size)
 *fill*         0x20000c80      0x200 
                0x20001280                        . = (. + _Min_Stack_Size)
 *fill*         0x20000e80      0x400 
                0x20001280                        . = ALIGN (0x8)

/DISCARD/
 libc.a(*)
 libm.a(*)
 libgcc.a(*)

.ARM.attributes
                0x00000000       0x2e
 *(.ARM.attributes)
 .ARM.attributes
                0x00000000       0x20 C:/ProgramData/MATLAB/SupportPackages/R2024b/3P.instrset/gnuarm-armcortex.instrset/win/bin/../lib/gcc/arm-none-eabi/13.2.1/thumb/v7e-m+dp/hard/crti.o
 .ARM.attributes
                0x00000020       0x32 C:/ProgramData/MATLAB/SupportPackages/R2024b/3P.instrset/gnuarm-armcortex.instrset/win/bin/../lib/gcc/arm-none-eabi/13.2.1/thumb/v7e-m+dp/hard/crtbegin.o
 .ARM.attributes
                0x00000052       0x32 xil_interface_lib.o
 .ARM.attributes
                0x00000084       0x32 xil_data_stream.o
 .ARM.attributes
                0x000000b6       0x32 xil_services.o
 .ARM.attributes
                0x000000e8       0x32 xil_interface.o
 .ARM.attributes
                0x0000011a       0x32 xilcomms_rtiostream.o
 .ARM.attributes
                0x0000014c       0x32 xil_rtiostream.o
 .ARM.attributes
                0x0000017e       0x32 rtiostream_utils.o
 .ARM.attributes
                0x000001b0       0x32 coder_assumptions_app.o
 .ARM.attributes
                0x000001e2       0x32 coder_assumptions_data_stream.o
 .ARM.attributes
                0x00000214       0x32 coder_assumptions_rtiostream.o
 .ARM.attributes
                0x00000246       0x32 pil_main.o
 .ARM.attributes
                0x00000278       0x32 rtiostream_serial.o
 .ARM.attributes
                0x000002aa       0x32 stm_usart.o
 .ARM.attributes
                0x000002dc       0x32 platform_timer.o
 .ARM.attributes
                0x0000030e       0x32 main.o
 .ARM.attributes
                0x00000340       0x32 stm32f7xx_it.o
 .ARM.attributes
                0x00000372       0x32 stm32f7xx_hal_msp.o
 .ARM.attributes
                0x000003a4       0x32 stm32f7xx_hal_timebase_tim.o
 .ARM.attributes
                0x000003d6       0x32 stm32f7xx_hal_tim.o
 .ARM.attributes
                0x00000408       0x32 stm32f7xx_hal_tim_ex.o
 .ARM.attributes
                0x0000043a       0x32 stm32f7xx_ll_gpio.o
 .ARM.attributes
                0x0000046c       0x32 stm32f7xx_ll_usart.o
 .ARM.attributes
                0x0000049e       0x32 stm32f7xx_ll_rcc.o
 .ARM.attributes
                0x000004d0       0x32 stm32f7xx_ll_utils.o
 .ARM.attributes
                0x00000502       0x32 stm32f7xx_ll_exti.o
 .ARM.attributes
                0x00000534       0x32 stm32f7xx_hal_rcc.o
 .ARM.attributes
                0x00000566       0x32 stm32f7xx_hal_gpio.o
 .ARM.attributes
                0x00000598       0x32 stm32f7xx_hal_cortex.o
 .ARM.attributes
                0x000005ca       0x32 stm32f7xx_hal.o
 .ARM.attributes
                0x000005fc       0x32 stm32f7xx_hal_pcd.o
 .ARM.attributes
                0x0000062e       0x32 stm32f7xx_hal_pcd_ex.o
 .ARM.attributes
                0x00000660       0x32 stm32f7xx_ll_usb.o
 .ARM.attributes
                0x00000692       0x32 system_stm32f7xx.o
 .ARM.attributes
                0x000006c4       0x21 startup_stm32f767zitx.o
 .ARM.attributes
                0x000006e5       0x32 xil_instrumentation.o
 .ARM.attributes
                0x00000717       0x32 codeinstr_data_stream.o
 .ARM.attributes
                0x00000749       0x32 codeinstr_rtiostream.o
 .ARM.attributes
                0x0000077b       0x32 profiler_timer.o
 .ARM.attributes
                0x000007ad       0x32 ../../../../slprj/ert/ctrl_ez/instrumented/ctrl_ez_rtwlib.lib(ctrl_ez.o)
 .ARM.attributes
                0x000007df       0x32 C:/Users/Angel/Desktop/hil/pfc3ph/stf7/matlab/slprj/ert/_sharedutils/rtwshared.lib(const_params.o)
 .ARM.attributes
                0x00000811       0x32 C:/Users/Angel/Desktop/hil/pfc3ph/stf7/matlab/slprj/ert/_sharedutils/rtwshared.lib(intrp1d_fu32fl.o)
 .ARM.attributes
                0x00000843       0x32 C:/Users/Angel/Desktop/hil/pfc3ph/stf7/matlab/slprj/ert/_sharedutils/rtwshared.lib(plook_u32ff_evenc.o)
 .ARM.attributes
                0x00000875       0x32 C:/Users/Angel/Desktop/hil/pfc3ph/stf7/matlab/slprj/ert/ctrl_ez/coderassumptions/lib/ctrl_ez_ca.lib(ctrl_ez_ca.o)
 .ARM.attributes
                0x000008a7       0x32 C:/Users/Angel/Desktop/hil/pfc3ph/stf7/matlab/slprj/ert/ctrl_ez/coderassumptions/lib/ctrl_ez_ca.lib(coder_assumptions_hwimpl.o)
 .ARM.attributes
                0x000008d9       0x32 C:/Users/Angel/Desktop/hil/pfc3ph/stf7/matlab/slprj/ert/ctrl_ez/coderassumptions/lib/ctrl_ez_ca.lib(coder_assumptions_flt.o)
 .ARM.attributes
                0x0000090b       0x32 C:/ProgramData/MATLAB/SupportPackages/R2024b/3P.instrset/gnuarm-armcortex.instrset/win/bin/../lib/gcc/arm-none-eabi/13.2.1/thumb/v7e-m+dp/hard\libm.a(libm_a-sf_floor.o)
 .ARM.attributes
                0x0000093d       0x32 C:/ProgramData/MATLAB/SupportPackages/R2024b/3P.instrset/gnuarm-armcortex.instrset/win/bin/../lib/gcc/arm-none-eabi/13.2.1/thumb/v7e-m+dp/hard\libc_nano.a(libc_a-init.o)
 .ARM.attributes
                0x0000096f       0x32 C:/ProgramData/MATLAB/SupportPackages/R2024b/3P.instrset/gnuarm-armcortex.instrset/win/bin/../lib/gcc/arm-none-eabi/13.2.1/thumb/v7e-m+dp/hard\libc_nano.a(libc_a-memcpy-stub.o)
 .ARM.attributes
                0x000009a1       0x32 C:/ProgramData/MATLAB/SupportPackages/R2024b/3P.instrset/gnuarm-armcortex.instrset/win/bin/../lib/gcc/arm-none-eabi/13.2.1/thumb/v7e-m+dp/hard/crtend.o
 .ARM.attributes
                0x000009d3       0x20 C:/ProgramData/MATLAB/SupportPackages/R2024b/3P.instrset/gnuarm-armcortex.instrset/win/bin/../lib/gcc/arm-none-eabi/13.2.1/thumb/v7e-m+dp/hard/crtn.o
OUTPUT(./ctrl_ez.elf elf32-littlearm)
LOAD linker stubs
LOAD C:/ProgramData/MATLAB/SupportPackages/R2024b/3P.instrset/gnuarm-armcortex.instrset/win/bin/../lib/gcc/arm-none-eabi/13.2.1/thumb/v7e-m+dp/hard\libc.a
LOAD C:/ProgramData/MATLAB/SupportPackages/R2024b/3P.instrset/gnuarm-armcortex.instrset/win/bin/../lib/gcc/arm-none-eabi/13.2.1/thumb/v7e-m+dp/hard\libm.a
LOAD C:/ProgramData/MATLAB/SupportPackages/R2024b/3P.instrset/gnuarm-armcortex.instrset/win/bin/../lib/gcc/arm-none-eabi/13.2.1/thumb/v7e-m+dp/hard\libgcc.a

.comment        0x00000000       0x44
 .comment       0x00000000       0x44 xil_interface_lib.o
                                 0x45 (size before relaxing)
 .comment       0x00000044       0x45 xil_data_stream.o
 .comment       0x00000044       0x45 xil_services.o
 .comment       0x00000044       0x45 xil_interface.o
 .comment       0x00000044       0x45 xilcomms_rtiostream.o
 .comment       0x00000044       0x45 xil_rtiostream.o
 .comment       0x00000044       0x45 rtiostream_utils.o
 .comment       0x00000044       0x45 coder_assumptions_app.o
 .comment       0x00000044       0x45 coder_assumptions_data_stream.o
 .comment       0x00000044       0x45 coder_assumptions_rtiostream.o
 .comment       0x00000044       0x45 pil_main.o
 .comment       0x00000044       0x45 rtiostream_serial.o
 .comment       0x00000044       0x45 stm_usart.o
 .comment       0x00000044       0x45 platform_timer.o
 .comment       0x00000044       0x45 main.o
 .comment       0x00000044       0x45 stm32f7xx_it.o
 .comment       0x00000044       0x45 stm32f7xx_hal_msp.o
 .comment       0x00000044       0x45 stm32f7xx_hal_timebase_tim.o
 .comment       0x00000044       0x45 stm32f7xx_hal_tim.o
 .comment       0x00000044       0x45 stm32f7xx_hal_tim_ex.o
 .comment       0x00000044       0x45 stm32f7xx_ll_gpio.o
 .comment       0x00000044       0x45 stm32f7xx_ll_usart.o
 .comment       0x00000044       0x45 stm32f7xx_ll_rcc.o
 .comment       0x00000044       0x45 stm32f7xx_ll_utils.o
 .comment       0x00000044       0x45 stm32f7xx_ll_exti.o
 .comment       0x00000044       0x45 stm32f7xx_hal_rcc.o
 .comment       0x00000044       0x45 stm32f7xx_hal_gpio.o
 .comment       0x00000044       0x45 stm32f7xx_hal_cortex.o
 .comment       0x00000044       0x45 stm32f7xx_hal.o
 .comment       0x00000044       0x45 stm32f7xx_hal_pcd.o
 .comment       0x00000044       0x45 stm32f7xx_hal_pcd_ex.o
 .comment       0x00000044       0x45 stm32f7xx_ll_usb.o
 .comment       0x00000044       0x45 system_stm32f7xx.o
 .comment       0x00000044       0x45 xil_instrumentation.o
 .comment       0x00000044       0x45 codeinstr_data_stream.o
 .comment       0x00000044       0x45 codeinstr_rtiostream.o
 .comment       0x00000044       0x45 profiler_timer.o
 .comment       0x00000044       0x45 ../../../../slprj/ert/ctrl_ez/instrumented/ctrl_ez_rtwlib.lib(ctrl_ez.o)
 .comment       0x00000044       0x45 C:/Users/Angel/Desktop/hil/pfc3ph/stf7/matlab/slprj/ert/_sharedutils/rtwshared.lib(const_params.o)
 .comment       0x00000044       0x45 C:/Users/Angel/Desktop/hil/pfc3ph/stf7/matlab/slprj/ert/_sharedutils/rtwshared.lib(intrp1d_fu32fl.o)
 .comment       0x00000044       0x45 C:/Users/Angel/Desktop/hil/pfc3ph/stf7/matlab/slprj/ert/_sharedutils/rtwshared.lib(plook_u32ff_evenc.o)
 .comment       0x00000044       0x45 C:/Users/Angel/Desktop/hil/pfc3ph/stf7/matlab/slprj/ert/ctrl_ez/coderassumptions/lib/ctrl_ez_ca.lib(ctrl_ez_ca.o)
 .comment       0x00000044       0x45 C:/Users/Angel/Desktop/hil/pfc3ph/stf7/matlab/slprj/ert/ctrl_ez/coderassumptions/lib/ctrl_ez_ca.lib(coder_assumptions_hwimpl.o)
 .comment       0x00000044       0x45 C:/Users/Angel/Desktop/hil/pfc3ph/stf7/matlab/slprj/ert/ctrl_ez/coderassumptions/lib/ctrl_ez_ca.lib(coder_assumptions_flt.o)

.debug_frame    0x00000000       0x74
 .debug_frame   0x00000000       0x20 C:/ProgramData/MATLAB/SupportPackages/R2024b/3P.instrset/gnuarm-armcortex.instrset/win/bin/../lib/gcc/arm-none-eabi/13.2.1/thumb/v7e-m+dp/hard\libm.a(libm_a-sf_floor.o)
 .debug_frame   0x00000020       0x2c C:/ProgramData/MATLAB/SupportPackages/R2024b/3P.instrset/gnuarm-armcortex.instrset/win/bin/../lib/gcc/arm-none-eabi/13.2.1/thumb/v7e-m+dp/hard\libc_nano.a(libc_a-init.o)
 .debug_frame   0x0000004c       0x28 C:/ProgramData/MATLAB/SupportPackages/R2024b/3P.instrset/gnuarm-armcortex.instrset/win/bin/../lib/gcc/arm-none-eabi/13.2.1/thumb/v7e-m+dp/hard\libc_nano.a(libc_a-memcpy-stub.o)
